../Core/Src/main.c:87:5:main	48	static,ignoring_inline_asm
../Core/Src/main.c:162:6:SystemClock_Config	88	static
../Core/Src/main.c:210:13:MX_RTC_Init	8	static
../Core/Src/main.c:245:13:MX_USART2_UART_Init	8	static
../Core/Src/main.c:278:13:MX_GPIO_Init	48	static
../Core/Src/main.c:312:6:HAL_UART_RxCpltCallback	32	static
../Core/Src/main.c:336:6:led_effect_callback	16	static
../Core/Src/main.c:341:6:rtc_report_callback	16	static
../Core/Src/main.c:356:6:HAL_TIM_PeriodElapsedCallback	16	static
../Core/Src/main.c:373:6:Error_Handler	4	static,ignoring_inline_asm
