00:08:00 **** Incremental Build of configuration Debug for project 008QueuesAndTimers ****
make -j16 all 
arm-none-eabi-gcc "../Core/Src/main.c" -mcpu=cortex-m4 -std=gnu11 -g3 -DDEBUG -DUSE_HAL_DRIVER -DSTM32F411xE -c -I../Core/Inc -I"E:/coursera/workspace/RTOSWorkspace/008QueuesAndTimers/ThirdParty/SEGGER/Config" -I"E:/coursera/workspace/RTOSWorkspace/008QueuesAndTimers/ThirdParty/SEGGER/SEGGER" -I"E:/coursera/workspace/RTOSWorkspace/008QueuesAndTimers/ThirdParty/SEGGER/OS" -I"E:/coursera/workspace/RTOSWorkspace/008QueuesAndTimers/ThirdParty/FreeRTOS" -I"E:/coursera/workspace/RTOSWorkspace/008QueuesAndTimers/ThirdParty/FreeRTOS/include" -I"E:/coursera/workspace/RTOSWorkspace/008QueuesAndTimers/ThirdParty/FreeRTOS/portable/GCC/ARM_CM4F" -I../Drivers/STM32F4xx_HAL_Driver/Inc -I../Drivers/STM32F4xx_HAL_Driver/Inc/Legacy -I../Drivers/CMSIS/Device/ST/STM32F4xx/Include -I../Drivers/CMSIS/Include -O0 -ffunction-sections -fdata-sections -Wall -fstack-usage -fcyclomatic-complexity -MMD -MP -MF"Core/Src/main.d" -MT"Core/Src/main.o" --specs=nano.specs -mfpu=fpv4-sp-d16 -mfloat-abi=hard -mthumb -o "Core/Src/main.o"
../Core/Src/main.c:49:1: error: unknown type name 'TaskHandle_t'
   49 | TaskHandle_t handle_menu_task;
      | ^~~~~~~~~~~~
../Core/Src/main.c:50:1: error: unknown type name 'xTaskHandle'
   50 | xTaskHandle handle_cmd_task;
      | ^~~~~~~~~~~
../Core/Src/main.c:51:1: error: unknown type name 'xTaskHandle'
   51 | xTaskHandle handle_print_task;
      | ^~~~~~~~~~~
../Core/Src/main.c:52:1: error: unknown type name 'xTaskHandle'
   52 | xTaskHandle handle_led_task;
      | ^~~~~~~~~~~
../Core/Src/main.c:53:1: error: unknown type name 'xTaskHandle'
   53 | xTaskHandle handle_rtc_task;
      | ^~~~~~~~~~~
../Core/Src/main.c:55:1: error: unknown type name 'QueueHandle_t'
   55 | QueueHandle_t q_data;
      | ^~~~~~~~~~~~~
../Core/Src/main.c:56:1: error: unknown type name 'QueueHandle_t'
   56 | QueueHandle_t q_print;
      | ^~~~~~~~~~~~~
../Core/Src/main.c: In function 'main':
../Core/Src/main.c:80:9: error: unknown type name 'BaseType_t'
   80 |         BaseType_t status;
      |         ^~~~~~~~~~
../Core/Src/main.c:106:12: warning: implicit declaration of function 'xTaskCreate' [-Wimplicit-function-declaration]
  106 |   status = xTaskCreate(menu_task, "menu_task", 250,NULL, 2, &handle_menu_task);
      |            ^~~~~~~~~~~
../Core/Src/main.c:107:3: warning: implicit declaration of function 'configASSERT' [-Wimplicit-function-declaration]
  107 |   configASSERT(status == pdPASS);
      |   ^~~~~~~~~~~~
../Core/Src/main.c:107:26: error: 'pdPASS' undeclared (first use in this function)
  107 |   configASSERT(status == pdPASS);
      |                          ^~~~~~
../Core/Src/main.c:107:26: note: each undeclared identifier is reported only once for each function it appears in
../Core/Src/main.c:109:24: error: 'cmd_handler_task' undeclared (first use in this function)
  109 |   status = xTaskCreate(cmd_handler_task, "cmd_task", 250,NULL, 2, &handle_cmd_task);
      |                        ^~~~~~~~~~~~~~~~
../Core/Src/main.c:121:12: warning: implicit declaration of function 'xQueueCreate' [-Wimplicit-function-declaration]
  121 |   q_data = xQueueCreate(10,sizeof(char));
      |            ^~~~~~~~~~~~
../Core/Src/main.c:122:23: warning: comparison between pointer and integer
  122 |   configASSERT(q_data != NULL);
      |                       ^~
../Core/Src/main.c:125:24: warning: comparison between pointer and integer
  125 |   configASSERT(q_print != NULL);
      |                        ^~
../Core/Src/main.c:127:3: warning: implicit declaration of function 'vTaskStartScheduler' [-Wimplicit-function-declaration]
  127 |   vTaskStartScheduler();
      |   ^~~~~~~~~~~~~~~~~~~
make: *** [Core/Src/subdir.mk:40: Core/Src/main.o] Error 1
"make -j16 all" terminated with exit code 2. Build might be incomplete.
00:09:10 **** Incremental Build of configuration Debug for project 001Tasks ****
make -j16 all 
arm-none-eabi-size  001Tasks.elf 
   text	   data	    bss	    dec	    hex	filename
  29984	    128	  84960	 115072	  1c180	001Tasks.elf
Finished building: default.size.stdout
 
00:09:10 **** Incremental Build of configuration Debug for project 008QueuesAndTimers ****
make -j16 all 
arm-none-eabi-gcc "../Core/Src/main.c" -mcpu=cortex-m4 -std=gnu11 -g3 -DDEBUG -DUSE_HAL_DRIVER -DSTM32F411xE -c -I../Core/Inc -I"E:/coursera/workspace/RTOSWorkspace/008QueuesAndTimers/ThirdParty/SEGGER/Config" -I"E:/coursera/workspace/RTOSWorkspace/008QueuesAndTimers/ThirdParty/SEGGER/SEGGER" -I"E:/coursera/workspace/RTOSWorkspace/008QueuesAndTimers/ThirdParty/SEGGER/OS" -I"E:/coursera/workspace/RTOSWorkspace/008QueuesAndTimers/ThirdParty/FreeRTOS" -I"E:/coursera/workspace/RTOSWorkspace/008QueuesAndTimers/ThirdParty/FreeRTOS/include" -I"E:/coursera/workspace/RTOSWorkspace/008QueuesAndTimers/ThirdParty/FreeRTOS/portable/GCC/ARM_CM4F" -I../Drivers/STM32F4xx_HAL_Driver/Inc -I../Drivers/STM32F4xx_HAL_Driver/Inc/Legacy -I../Drivers/CMSIS/Device/ST/STM32F4xx/Include -I../Drivers/CMSIS/Include -O0 -ffunction-sections -fdata-sections -Wall -fstack-usage -fcyclomatic-complexity -MMD -MP -MF"Core/Src/main.d" -MT"Core/Src/main.o" --specs=nano.specs -mfpu=fpv4-sp-d16 -mfloat-abi=hard -mthumb -o "Core/Src/main.o"
../Core/Src/main.c:49:1: error: unknown type name 'TaskHandle_t'; did you mean 'xTaskHandle'?
   49 | TaskHandle_t handle_menu_task;
      | ^~~~~~~~~~~~
      | xTaskHandle
In file included from ../Core/Src/main.c:21:
E:/coursera/workspace/RTOSWorkspace/008QueuesAndTimers/ThirdParty/FreeRTOS/include/FreeRTOS.h:1022:43: error: unknown type name 'TaskHandle_t'; did you mean 'xTaskHandle'?
 1022 |     #define xTaskHandle                   TaskHandle_t
      |                                           ^~~~~~~~~~~~
../Core/Src/main.c:50:1: note: in expansion of macro 'xTaskHandle'
   50 | xTaskHandle handle_cmd_task;
      | ^~~~~~~~~~~
E:/coursera/workspace/RTOSWorkspace/008QueuesAndTimers/ThirdParty/FreeRTOS/include/FreeRTOS.h:1022:43: error: unknown type name 'TaskHandle_t'; did you mean 'xTaskHandle'?
 1022 |     #define xTaskHandle                   TaskHandle_t
      |                                           ^~~~~~~~~~~~
../Core/Src/main.c:51:1: note: in expansion of macro 'xTaskHandle'
   51 | xTaskHandle handle_print_task;
      | ^~~~~~~~~~~
E:/coursera/workspace/RTOSWorkspace/008QueuesAndTimers/ThirdParty/FreeRTOS/include/FreeRTOS.h:1022:43: error: unknown type name 'TaskHandle_t'; did you mean 'xTaskHandle'?
 1022 |     #define xTaskHandle                   TaskHandle_t
      |                                           ^~~~~~~~~~~~
../Core/Src/main.c:52:1: note: in expansion of macro 'xTaskHandle'
   52 | xTaskHandle handle_led_task;
      | ^~~~~~~~~~~
E:/coursera/workspace/RTOSWorkspace/008QueuesAndTimers/ThirdParty/FreeRTOS/include/FreeRTOS.h:1022:43: error: unknown type name 'TaskHandle_t'; did you mean 'xTaskHandle'?
 1022 |     #define xTaskHandle                   TaskHandle_t
      |                                           ^~~~~~~~~~~~
../Core/Src/main.c:53:1: note: in expansion of macro 'xTaskHandle'
   53 | xTaskHandle handle_rtc_task;
      | ^~~~~~~~~~~
../Core/Src/main.c:55:1: error: unknown type name 'QueueHandle_t'; did you mean 'xQueueHandle'?
   55 | QueueHandle_t q_data;
      | ^~~~~~~~~~~~~
      | xQueueHandle
../Core/Src/main.c:56:1: error: unknown type name 'QueueHandle_t'; did you mean 'xQueueHandle'?
   56 | QueueHandle_t q_print;
      | ^~~~~~~~~~~~~
      | xQueueHandle
../Core/Src/main.c: In function 'main':
../Core/Src/main.c:106:12: warning: implicit declaration of function 'xTaskCreate' [-Wimplicit-function-declaration]
  106 |   status = xTaskCreate(menu_task, "menu_task", 250,NULL, 2, &handle_menu_task);
      |            ^~~~~~~~~~~
In file included from E:/coursera/workspace/RTOSWorkspace/008QueuesAndTimers/ThirdParty/FreeRTOS/include/FreeRTOS.h:57,
                 from ../Core/Src/main.c:21:
E:/coursera/workspace/RTOSWorkspace/008QueuesAndTimers/ThirdParty/FreeRTOS/FreeRTOSConfig.h:121:46: warning: implicit declaration of function 'taskDISABLE_INTERRUPTS'; did you mean 'portDISABLE_INTERRUPTS'? [-Wimplicit-function-declaration]
  121 | #define configASSERT( x ) if( ( x ) == 0 ) { taskDISABLE_INTERRUPTS(); for( ;; ); }
      |                                              ^~~~~~~~~~~~~~~~~~~~~~
../Core/Src/main.c:107:3: note: in expansion of macro 'configASSERT'
  107 |   configASSERT(status == pdPASS);
      |   ^~~~~~~~~~~~
../Core/Src/main.c:109:24: error: 'cmd_handler_task' undeclared (first use in this function)
  109 |   status = xTaskCreate(cmd_handler_task, "cmd_task", 250,NULL, 2, &handle_cmd_task);
      |                        ^~~~~~~~~~~~~~~~
../Core/Src/main.c:109:24: note: each undeclared identifier is reported only once for each function it appears in
../Core/Src/main.c:121:12: warning: implicit declaration of function 'xQueueCreate' [-Wimplicit-function-declaration]
  121 |   q_data = xQueueCreate(10,sizeof(char));
      |            ^~~~~~~~~~~~
In file included from E:/coursera/workspace/RTOSWorkspace/008QueuesAndTimers/ThirdParty/FreeRTOS/include/FreeRTOS.h:57,
                 from ../Core/Src/main.c:21:
../Core/Src/main.c:122:23: warning: comparison between pointer and integer
  122 |   configASSERT(q_data != NULL);
      |                       ^~
E:/coursera/workspace/RTOSWorkspace/008QueuesAndTimers/ThirdParty/FreeRTOS/FreeRTOSConfig.h:121:33: note: in definition of macro 'configASSERT'
  121 | #define configASSERT( x ) if( ( x ) == 0 ) { taskDISABLE_INTERRUPTS(); for( ;; ); }
      |                                 ^
../Core/Src/main.c:125:24: warning: comparison between pointer and integer
  125 |   configASSERT(q_print != NULL);
      |                        ^~
E:/coursera/workspace/RTOSWorkspace/008QueuesAndTimers/ThirdParty/FreeRTOS/FreeRTOSConfig.h:121:33: note: in definition of macro 'configASSERT'
  121 | #define configASSERT( x ) if( ( x ) == 0 ) { taskDISABLE_INTERRUPTS(); for( ;; ); }
      |                                 ^
../Core/Src/main.c:127:3: warning: implicit declaration of function 'vTaskStartScheduler'; did you mean 'xPortStartScheduler'? [-Wimplicit-function-declaration]
  127 |   vTaskStartScheduler();
      |   ^~~~~~~~~~~~~~~~~~~
      |   xPortStartScheduler
make: *** [Core/Src/subdir.mk:40: Core/Src/main.o] Error 1
"make -j16 all" terminated with exit code 2. Build might be incomplete.
00:09:43 **** Incremental Build of configuration Debug for project 001Tasks ****
make -j16 all 
arm-none-eabi-size  001Tasks.elf 
   text	   data	    bss	    dec	    hex	filename
  29984	    128	  84960	 115072	  1c180	001Tasks.elf
Finished building: default.size.stdout
 
00:09:43 **** Incremental Build of configuration Debug for project 008QueuesAndTimers ****
make -j16 all 
arm-none-eabi-gcc "../Core/Src/main.c" -mcpu=cortex-m4 -std=gnu11 -g3 -DDEBUG -DUSE_HAL_DRIVER -DSTM32F411xE -c -I../Core/Inc -I"E:/coursera/workspace/RTOSWorkspace/008QueuesAndTimers/ThirdParty/SEGGER/Config" -I"E:/coursera/workspace/RTOSWorkspace/008QueuesAndTimers/ThirdParty/SEGGER/SEGGER" -I"E:/coursera/workspace/RTOSWorkspace/008QueuesAndTimers/ThirdParty/SEGGER/OS" -I"E:/coursera/workspace/RTOSWorkspace/008QueuesAndTimers/ThirdParty/FreeRTOS" -I"E:/coursera/workspace/RTOSWorkspace/008QueuesAndTimers/ThirdParty/FreeRTOS/include" -I"E:/coursera/workspace/RTOSWorkspace/008QueuesAndTimers/ThirdParty/FreeRTOS/portable/GCC/ARM_CM4F" -I../Drivers/STM32F4xx_HAL_Driver/Inc -I../Drivers/STM32F4xx_HAL_Driver/Inc/Legacy -I../Drivers/CMSIS/Device/ST/STM32F4xx/Include -I../Drivers/CMSIS/Include -O0 -ffunction-sections -fdata-sections -Wall -fstack-usage -fcyclomatic-complexity -MMD -MP -MF"Core/Src/main.d" -MT"Core/Src/main.o" --specs=nano.specs -mfpu=fpv4-sp-d16 -mfloat-abi=hard -mthumb -o "Core/Src/main.o"
In file included from ../Core/Src/main.c:21:
E:/coursera/workspace/RTOSWorkspace/008QueuesAndTimers/ThirdParty/FreeRTOS/include/FreeRTOS.h:1022:43: error: unknown type name 'TaskHandle_t'; did you mean 'xTaskHandle'?
 1022 |     #define xTaskHandle                   TaskHandle_t
      |                                           ^~~~~~~~~~~~
../Core/Src/main.c:49:1: note: in expansion of macro 'xTaskHandle'
   49 | xTaskHandle handle_menu_task;
      | ^~~~~~~~~~~
E:/coursera/workspace/RTOSWorkspace/008QueuesAndTimers/ThirdParty/FreeRTOS/include/FreeRTOS.h:1022:43: error: unknown type name 'TaskHandle_t'; did you mean 'xTaskHandle'?
 1022 |     #define xTaskHandle                   TaskHandle_t
      |                                           ^~~~~~~~~~~~
../Core/Src/main.c:50:1: note: in expansion of macro 'xTaskHandle'
   50 | xTaskHandle handle_cmd_task;
      | ^~~~~~~~~~~
E:/coursera/workspace/RTOSWorkspace/008QueuesAndTimers/ThirdParty/FreeRTOS/include/FreeRTOS.h:1022:43: error: unknown type name 'TaskHandle_t'; did you mean 'xTaskHandle'?
 1022 |     #define xTaskHandle                   TaskHandle_t
      |                                           ^~~~~~~~~~~~
../Core/Src/main.c:51:1: note: in expansion of macro 'xTaskHandle'
   51 | xTaskHandle handle_print_task;
      | ^~~~~~~~~~~
E:/coursera/workspace/RTOSWorkspace/008QueuesAndTimers/ThirdParty/FreeRTOS/include/FreeRTOS.h:1022:43: error: unknown type name 'TaskHandle_t'; did you mean 'xTaskHandle'?
 1022 |     #define xTaskHandle                   TaskHandle_t
      |                                           ^~~~~~~~~~~~
../Core/Src/main.c:52:1: note: in expansion of macro 'xTaskHandle'
   52 | xTaskHandle handle_led_task;
      | ^~~~~~~~~~~
E:/coursera/workspace/RTOSWorkspace/008QueuesAndTimers/ThirdParty/FreeRTOS/include/FreeRTOS.h:1022:43: error: unknown type name 'TaskHandle_t'; did you mean 'xTaskHandle'?
 1022 |     #define xTaskHandle                   TaskHandle_t
      |                                           ^~~~~~~~~~~~
../Core/Src/main.c:53:1: note: in expansion of macro 'xTaskHandle'
   53 | xTaskHandle handle_rtc_task;
      | ^~~~~~~~~~~
../Core/Src/main.c:55:1: error: unknown type name 'QueueHandle_t'; did you mean 'xQueueHandle'?
   55 | QueueHandle_t q_data;
      | ^~~~~~~~~~~~~
      | xQueueHandle
../Core/Src/main.c:56:1: error: unknown type name 'QueueHandle_t'; did you mean 'xQueueHandle'?
   56 | QueueHandle_t q_print;
      | ^~~~~~~~~~~~~
      | xQueueHandle
../Core/Src/main.c: In function 'main':
../Core/Src/main.c:106:12: warning: implicit declaration of function 'xTaskCreate' [-Wimplicit-function-declaration]
  106 |   status = xTaskCreate(menu_task, "menu_task", 250,NULL, 2, &handle_menu_task);
      |            ^~~~~~~~~~~
In file included from E:/coursera/workspace/RTOSWorkspace/008QueuesAndTimers/ThirdParty/FreeRTOS/include/FreeRTOS.h:57,
                 from ../Core/Src/main.c:21:
E:/coursera/workspace/RTOSWorkspace/008QueuesAndTimers/ThirdParty/FreeRTOS/FreeRTOSConfig.h:121:46: warning: implicit declaration of function 'taskDISABLE_INTERRUPTS'; did you mean 'portDISABLE_INTERRUPTS'? [-Wimplicit-function-declaration]
  121 | #define configASSERT( x ) if( ( x ) == 0 ) { taskDISABLE_INTERRUPTS(); for( ;; ); }
      |                                              ^~~~~~~~~~~~~~~~~~~~~~
../Core/Src/main.c:107:3: note: in expansion of macro 'configASSERT'
  107 |   configASSERT(status == pdPASS);
      |   ^~~~~~~~~~~~
../Core/Src/main.c:109:24: error: 'cmd_handler_task' undeclared (first use in this function)
  109 |   status = xTaskCreate(cmd_handler_task, "cmd_task", 250,NULL, 2, &handle_cmd_task);
      |                        ^~~~~~~~~~~~~~~~
../Core/Src/main.c:109:24: note: each undeclared identifier is reported only once for each function it appears in
../Core/Src/main.c:121:12: warning: implicit declaration of function 'xQueueCreate' [-Wimplicit-function-declaration]
  121 |   q_data = xQueueCreate(10,sizeof(char));
      |            ^~~~~~~~~~~~
In file included from E:/coursera/workspace/RTOSWorkspace/008QueuesAndTimers/ThirdParty/FreeRTOS/include/FreeRTOS.h:57,
                 from ../Core/Src/main.c:21:
../Core/Src/main.c:122:23: warning: comparison between pointer and integer
  122 |   configASSERT(q_data != NULL);
      |                       ^~
E:/coursera/workspace/RTOSWorkspace/008QueuesAndTimers/ThirdParty/FreeRTOS/FreeRTOSConfig.h:121:33: note: in definition of macro 'configASSERT'
  121 | #define configASSERT( x ) if( ( x ) == 0 ) { taskDISABLE_INTERRUPTS(); for( ;; ); }
      |                                 ^
../Core/Src/main.c:125:24: warning: comparison between pointer and integer
  125 |   configASSERT(q_print != NULL);
      |                        ^~
E:/coursera/workspace/RTOSWorkspace/008QueuesAndTimers/ThirdParty/FreeRTOS/FreeRTOSConfig.h:121:33: note: in definition of macro 'configASSERT'
  121 | #define configASSERT( x ) if( ( x ) == 0 ) { taskDISABLE_INTERRUPTS(); for( ;; ); }
      |                                 ^
../Core/Src/main.c:127:3: warning: implicit declaration of function 'vTaskStartScheduler'; did you mean 'xPortStartScheduler'? [-Wimplicit-function-declaration]
  127 |   vTaskStartScheduler();
      |   ^~~~~~~~~~~~~~~~~~~
      |   xPortStartScheduler
make: *** [Core/Src/subdir.mk:40: Core/Src/main.o] Error 1
"make -j16 all" terminated with exit code 2. Build might be incomplete.
00:12:32 **** Incremental Build of configuration Debug for project 001Tasks ****
make -j16 all 
arm-none-eabi-size  001Tasks.elf 
   text	   data	    bss	    dec	    hex	filename
  29984	    128	  84960	 115072	  1c180	001Tasks.elf
Finished building: default.size.stdout
 
00:12:32 **** Incremental Build of configuration Debug for project 008QueuesAndTimers ****
make -j16 all 
arm-none-eabi-gcc "../Core/Src/main.c" -mcpu=cortex-m4 -std=gnu11 -g3 -DDEBUG -DUSE_HAL_DRIVER -DSTM32F411xE -c -I../Core/Inc -I"E:/coursera/workspace/RTOSWorkspace/008QueuesAndTimers/ThirdParty/SEGGER/Config" -I"E:/coursera/workspace/RTOSWorkspace/008QueuesAndTimers/ThirdParty/SEGGER/SEGGER" -I"E:/coursera/workspace/RTOSWorkspace/008QueuesAndTimers/ThirdParty/SEGGER/OS" -I"E:/coursera/workspace/RTOSWorkspace/008QueuesAndTimers/ThirdParty/FreeRTOS" -I"E:/coursera/workspace/RTOSWorkspace/008QueuesAndTimers/ThirdParty/FreeRTOS/include" -I"E:/coursera/workspace/RTOSWorkspace/008QueuesAndTimers/ThirdParty/FreeRTOS/portable/GCC/ARM_CM4F" -I../Drivers/STM32F4xx_HAL_Driver/Inc -I../Drivers/STM32F4xx_HAL_Driver/Inc/Legacy -I../Drivers/CMSIS/Device/ST/STM32F4xx/Include -I../Drivers/CMSIS/Include -O0 -ffunction-sections -fdata-sections -Wall -fstack-usage -fcyclomatic-complexity -MMD -MP -MF"Core/Src/main.d" -MT"Core/Src/main.o" --specs=nano.specs -mfpu=fpv4-sp-d16 -mfloat-abi=hard -mthumb -o "Core/Src/main.o"
arm-none-eabi-gcc "../Core/Src/task_handler.c" -mcpu=cortex-m4 -std=gnu11 -g3 -DDEBUG -DUSE_HAL_DRIVER -DSTM32F411xE -c -I../Core/Inc -I"E:/coursera/workspace/RTOSWorkspace/008QueuesAndTimers/ThirdParty/SEGGER/Config" -I"E:/coursera/workspace/RTOSWorkspace/008QueuesAndTimers/ThirdParty/SEGGER/SEGGER" -I"E:/coursera/workspace/RTOSWorkspace/008QueuesAndTimers/ThirdParty/SEGGER/OS" -I"E:/coursera/workspace/RTOSWorkspace/008QueuesAndTimers/ThirdParty/FreeRTOS" -I"E:/coursera/workspace/RTOSWorkspace/008QueuesAndTimers/ThirdParty/FreeRTOS/include" -I"E:/coursera/workspace/RTOSWorkspace/008QueuesAndTimers/ThirdParty/FreeRTOS/portable/GCC/ARM_CM4F" -I../Drivers/STM32F4xx_HAL_Driver/Inc -I../Drivers/STM32F4xx_HAL_Driver/Inc/Legacy -I../Drivers/CMSIS/Device/ST/STM32F4xx/Include -I../Drivers/CMSIS/Include -O0 -ffunction-sections -fdata-sections -Wall -fstack-usage -fcyclomatic-complexity -MMD -MP -MF"Core/Src/task_handler.d" -MT"Core/Src/task_handler.o" --specs=nano.specs -mfpu=fpv4-sp-d16 -mfloat-abi=hard -mthumb -o "Core/Src/task_handler.o"
In file included from ../Core/Src/main.c:21:
E:/coursera/workspace/RTOSWorkspace/008QueuesAndTimers/ThirdParty/FreeRTOS/include/FreeRTOS.h:1022:43: error: unknown type name 'TaskHandle_t'; did you mean 'xTaskHandle'?
 1022 |     #define xTaskHandle                   TaskHandle_t
      |                                           ^~~~~~~~~~~~
../Core/Src/main.c:49:1: note: in expansion of macro 'xTaskHandle'
   49 | xTaskHandle handle_menu_task;
      | ^~~~~~~~~~~
E:/coursera/workspace/RTOSWorkspace/008QueuesAndTimers/ThirdParty/FreeRTOS/include/FreeRTOS.h:1022:43: error: unknown type name 'TaskHandle_t'; did you mean 'xTaskHandle'?
 1022 |     #define xTaskHandle                   TaskHandle_t
      |                                           ^~~~~~~~~~~~
../Core/Src/main.c:50:1: note: in expansion of macro 'xTaskHandle'
   50 | xTaskHandle handle_cmd_task;
      | ^~~~~~~~~~~
E:/coursera/workspace/RTOSWorkspace/008QueuesAndTimers/ThirdParty/FreeRTOS/include/FreeRTOS.h:1022:43: error: unknown type name 'TaskHandle_t'; did you mean 'xTaskHandle'?
 1022 |     #define xTaskHandle                   TaskHandle_t
      |                                           ^~~~~~~~~~~~
../Core/Src/main.c:51:1: note: in expansion of macro 'xTaskHandle'
   51 | xTaskHandle handle_print_task;
      | ^~~~~~~~~~~
E:/coursera/workspace/RTOSWorkspace/008QueuesAndTimers/ThirdParty/FreeRTOS/include/FreeRTOS.h:1022:43: error: unknown type name 'TaskHandle_t'; did you mean 'xTaskHandle'?
 1022 |     #define xTaskHandle                   TaskHandle_t
      |                                           ^~~~~~~~~~~~
../Core/Src/main.c:52:1: note: in expansion of macro 'xTaskHandle'
   52 | xTaskHandle handle_led_task;
      | ^~~~~~~~~~~
E:/coursera/workspace/RTOSWorkspace/008QueuesAndTimers/ThirdParty/FreeRTOS/include/FreeRTOS.h:1022:43: error: unknown type name 'TaskHandle_t'; did you mean 'xTaskHandle'?
 1022 |     #define xTaskHandle                   TaskHandle_t
      |                                           ^~~~~~~~~~~~
../Core/Src/main.c:53:1: note: in expansion of macro 'xTaskHandle'
   53 | xTaskHandle handle_rtc_task;
      | ^~~~~~~~~~~
../Core/Src/main.c:55:1: error: unknown type name 'QueueHandle_t'; did you mean 'xQueueHandle'?
   55 | QueueHandle_t q_data;
      | ^~~~~~~~~~~~~
      | xQueueHandle
../Core/Src/main.c:56:1: error: unknown type name 'QueueHandle_t'; did you mean 'xQueueHandle'?
   56 | QueueHandle_t q_print;
      | ^~~~~~~~~~~~~
      | xQueueHandle
../Core/Src/main.c: In function 'main':
../Core/Src/main.c:106:12: warning: implicit declaration of function 'xTaskCreate' [-Wimplicit-function-declaration]
  106 |   status = xTaskCreate(menu_task, "menu_task", 250,NULL, 2, &handle_menu_task);
      |            ^~~~~~~~~~~
In file included from E:/coursera/workspace/RTOSWorkspace/008QueuesAndTimers/ThirdParty/FreeRTOS/include/FreeRTOS.h:57,
                 from ../Core/Src/main.c:21:
E:/coursera/workspace/RTOSWorkspace/008QueuesAndTimers/ThirdParty/FreeRTOS/FreeRTOSConfig.h:121:46: warning: implicit declaration of function 'taskDISABLE_INTERRUPTS'; did you mean 'portDISABLE_INTERRUPTS'? [-Wimplicit-function-declaration]
  121 | #define configASSERT( x ) if( ( x ) == 0 ) { taskDISABLE_INTERRUPTS(); for( ;; ); }
      |                                              ^~~~~~~~~~~~~~~~~~~~~~
../Core/Src/main.c:107:3: note: in expansion of macro 'configASSERT'
  107 |   configASSERT(status == pdPASS);
      |   ^~~~~~~~~~~~
../Core/Src/main.c:109:24: error: 'cmd_handler_task' undeclared (first use in this function)
  109 |   status = xTaskCreate(cmd_handler_task, "cmd_task", 250,NULL, 2, &handle_cmd_task);
      |                        ^~~~~~~~~~~~~~~~
../Core/Src/main.c:109:24: note: each undeclared identifier is reported only once for each function it appears in
../Core/Src/main.c:121:12: warning: implicit declaration of function 'xQueueCreate' [-Wimplicit-function-declaration]
  121 |   q_data = xQueueCreate(10,sizeof(char));
      |            ^~~~~~~~~~~~
In file included from E:/coursera/workspace/RTOSWorkspace/008QueuesAndTimers/ThirdParty/FreeRTOS/include/FreeRTOS.h:57,
                 from ../Core/Src/main.c:21:
../Core/Src/main.c:122:23: warning: comparison between pointer and integer
  122 |   configASSERT(q_data != NULL);
      |                       ^~
E:/coursera/workspace/RTOSWorkspace/008QueuesAndTimers/ThirdParty/FreeRTOS/FreeRTOSConfig.h:121:33: note: in definition of macro 'configASSERT'
  121 | #define configASSERT( x ) if( ( x ) == 0 ) { taskDISABLE_INTERRUPTS(); for( ;; ); }
      |                                 ^
../Core/Src/main.c:125:24: warning: comparison between pointer and integer
  125 |   configASSERT(q_print != NULL);
      |                        ^~
E:/coursera/workspace/RTOSWorkspace/008QueuesAndTimers/ThirdParty/FreeRTOS/FreeRTOSConfig.h:121:33: note: in definition of macro 'configASSERT'
  121 | #define configASSERT( x ) if( ( x ) == 0 ) { taskDISABLE_INTERRUPTS(); for( ;; ); }
      |                                 ^
../Core/Src/main.c:127:3: warning: implicit declaration of function 'vTaskStartScheduler'; did you mean 'xPortStartScheduler'? [-Wimplicit-function-declaration]
  127 |   vTaskStartScheduler();
      |   ^~~~~~~~~~~~~~~~~~~
      |   xPortStartScheduler
make: *** [Core/Src/subdir.mk:40: Core/Src/main.o] Error 1
make: *** Waiting for unfinished jobs....
"make -j16 all" terminated with exit code 2. Build might be incomplete.
00:23:35 **** Incremental Build of configuration Debug for project 001Tasks ****
make -j16 all 
arm-none-eabi-size  001Tasks.elf 
   text	   data	    bss	    dec	    hex	filename
  29984	    128	  84960	 115072	  1c180	001Tasks.elf
Finished building: default.size.stdout
 
00:23:36 **** Incremental Build of configuration Debug for project 008QueuesAndTimers ****
make -j16 all 
arm-none-eabi-gcc "../Core/Src/main.c" -mcpu=cortex-m4 -std=gnu11 -g3 -DDEBUG -DUSE_HAL_DRIVER -DSTM32F411xE -c -I../Core/Inc -I"E:/coursera/workspace/RTOSWorkspace/008QueuesAndTimers/ThirdParty/SEGGER/Config" -I"E:/coursera/workspace/RTOSWorkspace/008QueuesAndTimers/ThirdParty/SEGGER/SEGGER" -I"E:/coursera/workspace/RTOSWorkspace/008QueuesAndTimers/ThirdParty/SEGGER/OS" -I"E:/coursera/workspace/RTOSWorkspace/008QueuesAndTimers/ThirdParty/FreeRTOS" -I"E:/coursera/workspace/RTOSWorkspace/008QueuesAndTimers/ThirdParty/FreeRTOS/include" -I"E:/coursera/workspace/RTOSWorkspace/008QueuesAndTimers/ThirdParty/FreeRTOS/portable/GCC/ARM_CM4F" -I../Drivers/STM32F4xx_HAL_Driver/Inc -I../Drivers/STM32F4xx_HAL_Driver/Inc/Legacy -I../Drivers/CMSIS/Device/ST/STM32F4xx/Include -I../Drivers/CMSIS/Include -O0 -ffunction-sections -fdata-sections -Wall -fstack-usage -fcyclomatic-complexity -MMD -MP -MF"Core/Src/main.d" -MT"Core/Src/main.o" --specs=nano.specs -mfpu=fpv4-sp-d16 -mfloat-abi=hard -mthumb -o "Core/Src/main.o"
arm-none-eabi-gcc "../Core/Src/task_handler.c" -mcpu=cortex-m4 -std=gnu11 -g3 -DDEBUG -DUSE_HAL_DRIVER -DSTM32F411xE -c -I../Core/Inc -I"E:/coursera/workspace/RTOSWorkspace/008QueuesAndTimers/ThirdParty/SEGGER/Config" -I"E:/coursera/workspace/RTOSWorkspace/008QueuesAndTimers/ThirdParty/SEGGER/SEGGER" -I"E:/coursera/workspace/RTOSWorkspace/008QueuesAndTimers/ThirdParty/SEGGER/OS" -I"E:/coursera/workspace/RTOSWorkspace/008QueuesAndTimers/ThirdParty/FreeRTOS" -I"E:/coursera/workspace/RTOSWorkspace/008QueuesAndTimers/ThirdParty/FreeRTOS/include" -I"E:/coursera/workspace/RTOSWorkspace/008QueuesAndTimers/ThirdParty/FreeRTOS/portable/GCC/ARM_CM4F" -I../Drivers/STM32F4xx_HAL_Driver/Inc -I../Drivers/STM32F4xx_HAL_Driver/Inc/Legacy -I../Drivers/CMSIS/Device/ST/STM32F4xx/Include -I../Drivers/CMSIS/Include -O0 -ffunction-sections -fdata-sections -Wall -fstack-usage -fcyclomatic-complexity -MMD -MP -MF"Core/Src/task_handler.d" -MT"Core/Src/task_handler.o" --specs=nano.specs -mfpu=fpv4-sp-d16 -mfloat-abi=hard -mthumb -o "Core/Src/task_handler.o"
In file included from ../Core/Src/main.c:21:
E:/coursera/workspace/RTOSWorkspace/008QueuesAndTimers/ThirdParty/FreeRTOS/include/FreeRTOS.h:1022:43: error: unknown type name 'TaskHandle_t'; did you mean 'xTaskHandle'?
 1022 |     #define xTaskHandle                   TaskHandle_t
      |                                           ^~~~~~~~~~~~
../Core/Src/main.c:49:1: note: in expansion of macro 'xTaskHandle'
   49 | xTaskHandle handle_menu_task;
      | ^~~~~~~~~~~
E:/coursera/workspace/RTOSWorkspace/008QueuesAndTimers/ThirdParty/FreeRTOS/include/FreeRTOS.h:1022:43: error: unknown type name 'TaskHandle_t'; did you mean 'xTaskHandle'?
 1022 |     #define xTaskHandle                   TaskHandle_t
      |                                           ^~~~~~~~~~~~
../Core/Src/main.c:50:1: note: in expansion of macro 'xTaskHandle'
   50 | xTaskHandle handle_cmd_task;
      | ^~~~~~~~~~~
E:/coursera/workspace/RTOSWorkspace/008QueuesAndTimers/ThirdParty/FreeRTOS/include/FreeRTOS.h:1022:43: error: unknown type name 'TaskHandle_t'; did you mean 'xTaskHandle'?
 1022 |     #define xTaskHandle                   TaskHandle_t
      |                                           ^~~~~~~~~~~~
../Core/Src/main.c:51:1: note: in expansion of macro 'xTaskHandle'
   51 | xTaskHandle handle_print_task;
      | ^~~~~~~~~~~
E:/coursera/workspace/RTOSWorkspace/008QueuesAndTimers/ThirdParty/FreeRTOS/include/FreeRTOS.h:1022:43: error: unknown type name 'TaskHandle_t'; did you mean 'xTaskHandle'?
 1022 |     #define xTaskHandle                   TaskHandle_t
      |                                           ^~~~~~~~~~~~
../Core/Src/main.c:52:1: note: in expansion of macro 'xTaskHandle'
   52 | xTaskHandle handle_led_task;
      | ^~~~~~~~~~~
E:/coursera/workspace/RTOSWorkspace/008QueuesAndTimers/ThirdParty/FreeRTOS/include/FreeRTOS.h:1022:43: error: unknown type name 'TaskHandle_t'; did you mean 'xTaskHandle'?
 1022 |     #define xTaskHandle                   TaskHandle_t
      |                                           ^~~~~~~~~~~~
../Core/Src/main.c:53:1: note: in expansion of macro 'xTaskHandle'
   53 | xTaskHandle handle_rtc_task;
      | ^~~~~~~~~~~
../Core/Src/main.c:55:1: error: unknown type name 'QueueHandle_t'; did you mean 'xQueueHandle'?
   55 | QueueHandle_t q_data;
      | ^~~~~~~~~~~~~
      | xQueueHandle
../Core/Src/main.c:56:1: error: unknown type name 'QueueHandle_t'; did you mean 'xQueueHandle'?
   56 | QueueHandle_t q_print;
      | ^~~~~~~~~~~~~
      | xQueueHandle
../Core/Src/main.c: In function 'main':
../Core/Src/main.c:106:12: warning: implicit declaration of function 'xTaskCreate' [-Wimplicit-function-declaration]
  106 |   status = xTaskCreate(menu_task, "menu_task", 250,NULL, 2, &handle_menu_task);
      |            ^~~~~~~~~~~
In file included from E:/coursera/workspace/RTOSWorkspace/008QueuesAndTimers/ThirdParty/FreeRTOS/include/FreeRTOS.h:57,
                 from ../Core/Src/main.c:21:
E:/coursera/workspace/RTOSWorkspace/008QueuesAndTimers/ThirdParty/FreeRTOS/FreeRTOSConfig.h:121:46: warning: implicit declaration of function 'taskDISABLE_INTERRUPTS'; did you mean 'portDISABLE_INTERRUPTS'? [-Wimplicit-function-declaration]
  121 | #define configASSERT( x ) if( ( x ) == 0 ) { taskDISABLE_INTERRUPTS(); for( ;; ); }
      |                                              ^~~~~~~~~~~~~~~~~~~~~~
../Core/Src/main.c:107:3: note: in expansion of macro 'configASSERT'
  107 |   configASSERT(status == pdPASS);
      |   ^~~~~~~~~~~~
../Core/Src/main.c:121:12: warning: implicit declaration of function 'xQueueCreate' [-Wimplicit-function-declaration]
  121 |   q_data = xQueueCreate(10,sizeof(char));
      |            ^~~~~~~~~~~~
In file included from E:/coursera/workspace/RTOSWorkspace/008QueuesAndTimers/ThirdParty/FreeRTOS/include/FreeRTOS.h:57,
                 from ../Core/Src/main.c:21:
../Core/Src/main.c:122:23: warning: comparison between pointer and integer
  122 |   configASSERT(q_data != NULL);
      |                       ^~
E:/coursera/workspace/RTOSWorkspace/008QueuesAndTimers/ThirdParty/FreeRTOS/FreeRTOSConfig.h:121:33: note: in definition of macro 'configASSERT'
  121 | #define configASSERT( x ) if( ( x ) == 0 ) { taskDISABLE_INTERRUPTS(); for( ;; ); }
      |                                 ^
../Core/Src/main.c:125:24: warning: comparison between pointer and integer
  125 |   configASSERT(q_print != NULL);
      |                        ^~
E:/coursera/workspace/RTOSWorkspace/008QueuesAndTimers/ThirdParty/FreeRTOS/FreeRTOSConfig.h:121:33: note: in definition of macro 'configASSERT'
  121 | #define configASSERT( x ) if( ( x ) == 0 ) { taskDISABLE_INTERRUPTS(); for( ;; ); }
      |                                 ^
../Core/Src/main.c:127:3: warning: implicit declaration of function 'vTaskStartScheduler'; did you mean 'xPortStartScheduler'? [-Wimplicit-function-declaration]
  127 |   vTaskStartScheduler();
      |   ^~~~~~~~~~~~~~~~~~~
      |   xPortStartScheduler
make: *** [Core/Src/subdir.mk:40: Core/Src/main.o] Error 1
make: *** Waiting for unfinished jobs....
"make -j16 all" terminated with exit code 2. Build might be incomplete.
00:30:53 **** Incremental Build of configuration Debug for project 001Tasks ****
make -j16 all 
arm-none-eabi-size  001Tasks.elf 
   text	   data	    bss	    dec	    hex	filename
  29984	    128	  84960	 115072	  1c180	001Tasks.elf
Finished building: default.size.stdout
 
00:30:54 **** Incremental Build of configuration Debug for project 008QueuesAndTimers ****
make -j16 all 
arm-none-eabi-gcc "../Core/Src/main.c" -mcpu=cortex-m4 -std=gnu11 -g3 -DDEBUG -DUSE_HAL_DRIVER -DSTM32F411xE -c -I../Core/Inc -I"E:/coursera/workspace/RTOSWorkspace/008QueuesAndTimers/ThirdParty/SEGGER/Config" -I"E:/coursera/workspace/RTOSWorkspace/008QueuesAndTimers/ThirdParty/SEGGER/SEGGER" -I"E:/coursera/workspace/RTOSWorkspace/008QueuesAndTimers/ThirdParty/SEGGER/OS" -I"E:/coursera/workspace/RTOSWorkspace/008QueuesAndTimers/ThirdParty/FreeRTOS" -I"E:/coursera/workspace/RTOSWorkspace/008QueuesAndTimers/ThirdParty/FreeRTOS/include" -I"E:/coursera/workspace/RTOSWorkspace/008QueuesAndTimers/ThirdParty/FreeRTOS/portable/GCC/ARM_CM4F" -I../Drivers/STM32F4xx_HAL_Driver/Inc -I../Drivers/STM32F4xx_HAL_Driver/Inc/Legacy -I../Drivers/CMSIS/Device/ST/STM32F4xx/Include -I../Drivers/CMSIS/Include -O0 -ffunction-sections -fdata-sections -Wall -fstack-usage -fcyclomatic-complexity -MMD -MP -MF"Core/Src/main.d" -MT"Core/Src/main.o" --specs=nano.specs -mfpu=fpv4-sp-d16 -mfloat-abi=hard -mthumb -o "Core/Src/main.o"
arm-none-eabi-gcc -o "008QueuesAndTimers.elf" @"objects.list"   -mcpu=cortex-m4 -T"E:\coursera\workspace\RTOSWorkspace\008QueuesAndTimers\STM32F411RETX_FLASH.ld" --specs=nosys.specs -Wl,-Map="008QueuesAndTimers.map" -Wl,--gc-sections -static --specs=nano.specs -mfpu=fpv4-sp-d16 -mfloat-abi=hard -mthumb -Wl,--start-group -lc -lm -Wl,--end-group
Finished building target: 008QueuesAndTimers.elf
 
arm-none-eabi-size  008QueuesAndTimers.elf 
arm-none-eabi-objdump -h -S 008QueuesAndTimers.elf  > "008QueuesAndTimers.list"
   text	   data	    bss	    dec	    hex	filename
  23104	     28	  78996	 102128	  18ef0	008QueuesAndTimers.elf
Finished building: default.size.stdout
 
Finished building: 008QueuesAndTimers.list
 
01:11:37 **** Incremental Build of configuration Debug for project 001Tasks ****
make -j16 all 
arm-none-eabi-size  001Tasks.elf 
   text	   data	    bss	    dec	    hex	filename
  29984	    128	  84960	 115072	  1c180	001Tasks.elf
Finished building: default.size.stdout
 
01:11:40 **** Incremental Build of configuration Debug for project 008QueuesAndTimers ****
make -j16 all 
arm-none-eabi-gcc "../Core/Src/main.c" -mcpu=cortex-m4 -std=gnu11 -g3 -DDEBUG -DUSE_HAL_DRIVER -DSTM32F411xE -c -I../Core/Inc -I"E:/coursera/workspace/RTOSWorkspace/008QueuesAndTimers/ThirdParty/SEGGER/Config" -I"E:/coursera/workspace/RTOSWorkspace/008QueuesAndTimers/ThirdParty/SEGGER/SEGGER" -I"E:/coursera/workspace/RTOSWorkspace/008QueuesAndTimers/ThirdParty/SEGGER/OS" -I"E:/coursera/workspace/RTOSWorkspace/008QueuesAndTimers/ThirdParty/FreeRTOS" -I"E:/coursera/workspace/RTOSWorkspace/008QueuesAndTimers/ThirdParty/FreeRTOS/include" -I"E:/coursera/workspace/RTOSWorkspace/008QueuesAndTimers/ThirdParty/FreeRTOS/portable/GCC/ARM_CM4F" -I../Drivers/STM32F4xx_HAL_Driver/Inc -I../Drivers/STM32F4xx_HAL_Driver/Inc/Legacy -I../Drivers/CMSIS/Device/ST/STM32F4xx/Include -I../Drivers/CMSIS/Include -O0 -ffunction-sections -fdata-sections -Wall -fstack-usage -fcyclomatic-complexity -MMD -MP -MF"Core/Src/main.d" -MT"Core/Src/main.o" --specs=nano.specs -mfpu=fpv4-sp-d16 -mfloat-abi=hard -mthumb -o "Core/Src/main.o"
arm-none-eabi-gcc "../Core/Src/stm32f4xx_hal_msp.c" -mcpu=cortex-m4 -std=gnu11 -g3 -DDEBUG -DUSE_HAL_DRIVER -DSTM32F411xE -c -I../Core/Inc -I"E:/coursera/workspace/RTOSWorkspace/008QueuesAndTimers/ThirdParty/SEGGER/Config" -I"E:/coursera/workspace/RTOSWorkspace/008QueuesAndTimers/ThirdParty/SEGGER/SEGGER" -I"E:/coursera/workspace/RTOSWorkspace/008QueuesAndTimers/ThirdParty/SEGGER/OS" -I"E:/coursera/workspace/RTOSWorkspace/008QueuesAndTimers/ThirdParty/FreeRTOS" -I"E:/coursera/workspace/RTOSWorkspace/008QueuesAndTimers/ThirdParty/FreeRTOS/include" -I"E:/coursera/workspace/RTOSWorkspace/008QueuesAndTimers/ThirdParty/FreeRTOS/portable/GCC/ARM_CM4F" -I../Drivers/STM32F4xx_HAL_Driver/Inc -I../Drivers/STM32F4xx_HAL_Driver/Inc/Legacy -I../Drivers/CMSIS/Device/ST/STM32F4xx/Include -I../Drivers/CMSIS/Include -O0 -ffunction-sections -fdata-sections -Wall -fstack-usage -fcyclomatic-complexity -MMD -MP -MF"Core/Src/stm32f4xx_hal_msp.d" -MT"Core/Src/stm32f4xx_hal_msp.o" --specs=nano.specs -mfpu=fpv4-sp-d16 -mfloat-abi=hard -mthumb -o "Core/Src/stm32f4xx_hal_msp.o"
arm-none-eabi-gcc "../Core/Src/stm32f4xx_it.c" -mcpu=cortex-m4 -std=gnu11 -g3 -DDEBUG -DUSE_HAL_DRIVER -DSTM32F411xE -c -I../Core/Inc -I"E:/coursera/workspace/RTOSWorkspace/008QueuesAndTimers/ThirdParty/SEGGER/Config" -I"E:/coursera/workspace/RTOSWorkspace/008QueuesAndTimers/ThirdParty/SEGGER/SEGGER" -I"E:/coursera/workspace/RTOSWorkspace/008QueuesAndTimers/ThirdParty/SEGGER/OS" -I"E:/coursera/workspace/RTOSWorkspace/008QueuesAndTimers/ThirdParty/FreeRTOS" -I"E:/coursera/workspace/RTOSWorkspace/008QueuesAndTimers/ThirdParty/FreeRTOS/include" -I"E:/coursera/workspace/RTOSWorkspace/008QueuesAndTimers/ThirdParty/FreeRTOS/portable/GCC/ARM_CM4F" -I../Drivers/STM32F4xx_HAL_Driver/Inc -I../Drivers/STM32F4xx_HAL_Driver/Inc/Legacy -I../Drivers/CMSIS/Device/ST/STM32F4xx/Include -I../Drivers/CMSIS/Include -O0 -ffunction-sections -fdata-sections -Wall -fstack-usage -fcyclomatic-complexity -MMD -MP -MF"Core/Src/stm32f4xx_it.d" -MT"Core/Src/stm32f4xx_it.o" --specs=nano.specs -mfpu=fpv4-sp-d16 -mfloat-abi=hard -mthumb -o "Core/Src/stm32f4xx_it.o"
arm-none-eabi-gcc "../Core/Src/task_handler.c" -mcpu=cortex-m4 -std=gnu11 -g3 -DDEBUG -DUSE_HAL_DRIVER -DSTM32F411xE -c -I../Core/Inc -I"E:/coursera/workspace/RTOSWorkspace/008QueuesAndTimers/ThirdParty/SEGGER/Config" -I"E:/coursera/workspace/RTOSWorkspace/008QueuesAndTimers/ThirdParty/SEGGER/SEGGER" -I"E:/coursera/workspace/RTOSWorkspace/008QueuesAndTimers/ThirdParty/SEGGER/OS" -I"E:/coursera/workspace/RTOSWorkspace/008QueuesAndTimers/ThirdParty/FreeRTOS" -I"E:/coursera/workspace/RTOSWorkspace/008QueuesAndTimers/ThirdParty/FreeRTOS/include" -I"E:/coursera/workspace/RTOSWorkspace/008QueuesAndTimers/ThirdParty/FreeRTOS/portable/GCC/ARM_CM4F" -I../Drivers/STM32F4xx_HAL_Driver/Inc -I../Drivers/STM32F4xx_HAL_Driver/Inc/Legacy -I../Drivers/CMSIS/Device/ST/STM32F4xx/Include -I../Drivers/CMSIS/Include -O0 -ffunction-sections -fdata-sections -Wall -fstack-usage -fcyclomatic-complexity -MMD -MP -MF"Core/Src/task_handler.d" -MT"Core/Src/task_handler.o" --specs=nano.specs -mfpu=fpv4-sp-d16 -mfloat-abi=hard -mthumb -o "Core/Src/task_handler.o"
../Core/Src/task_handler.c: In function 'cmd_task':
../Core/Src/task_handler.c:22:9: error: unknown type name 'BaseType_t'
   22 |         BaseType_t ret;
      |         ^~~~~~~~~~
../Core/Src/task_handler.c:26:23: warning: implicit declaration of function 'xTaskNotifyWait' [-Wimplicit-function-declaration]
   26 |                 ret = xTaskNotifyWait(0,0,NULL,portMAX_DELAY);
      |                       ^~~~~~~~~~~~~~~
../Core/Src/task_handler.c:26:48: error: 'portMAX_DELAY' undeclared (first use in this function); did you mean 'HAL_MAX_DELAY'?
   26 |                 ret = xTaskNotifyWait(0,0,NULL,portMAX_DELAY);
      |                                                ^~~~~~~~~~~~~
      |                                                HAL_MAX_DELAY
../Core/Src/task_handler.c:26:48: note: each undeclared identifier is reported only once for each function it appears in
../Core/Src/task_handler.c:27:27: error: 'pdTRUE' undeclared (first use in this function)
   27 |                 if(ret == pdTRUE)
      |                           ^~~~~~
../Core/Src/task_handler.c: In function 'process_cmd':
../Core/Src/task_handler.c:62:16: error: 'state' undeclared (first use in this function); did you mean 'state_t'?
   62 |         switch(state)
      |                ^~~~~
      |                state_t
../Core/Src/task_handler.c:65:17: warning: implicit declaration of function 'xTaskNotify' [-Wimplicit-function-declaration]
   65 |                 xTaskNotify(handle_menu_task,(uint32_t)cmd,eSetValueWithOverwrite);
      |                 ^~~~~~~~~~~
../Core/Src/task_handler.c:65:29: error: 'handle_menu_task' undeclared (first use in this function)
   65 |                 xTaskNotify(handle_menu_task,(uint32_t)cmd,eSetValueWithOverwrite);
      |                             ^~~~~~~~~~~~~~~~
../Core/Src/task_handler.c:65:60: error: 'eSetValueWithOverwrite' undeclared (first use in this function)
   65 |                 xTaskNotify(handle_menu_task,(uint32_t)cmd,eSetValueWithOverwrite);
      |                                                            ^~~~~~~~~~~~~~~~~~~~~~
../Core/Src/main.c: In function 'main':
../Core/Src/main.c:132:32: warning: passing argument 2 of 'HAL_UART_Receive_IT' discards 'volatile' qualifier from pointer target type [-Wdiscarded-qualifiers]
  132 |   HAL_UART_Receive_IT(&huart2, &user_data,1);
      |                                ^~~~~~~~~~
In file included from ../Core/Inc/stm32f4xx_hal_conf.h:411,
                 from ../Drivers/STM32F4xx_HAL_Driver/Inc/stm32f4xx_hal.h:29,
                 from ../Core/Inc/main.h:30,
                 from ../Core/Src/main.c:20:
../Drivers/STM32F4xx_HAL_Driver/Inc/stm32f4xx_hal_uart.h:748:75: note: expected 'uint8_t *' {aka 'unsigned char *'} but argument is of type 'volatile uint8_t *' {aka 'volatile unsigned char *'}
  748 | HAL_StatusTypeDef HAL_UART_Receive_IT(UART_HandleTypeDef *huart, uint8_t *pData, uint16_t Size);
      |                                                                  ~~~~~~~~~^~~~~
../Core/Src/main.c: In function 'HAL_UART_RxCpltCallback':
../Core/Src/main.c:321:38: warning: passing argument 2 of 'HAL_UART_Receive_IT' discards 'volatile' qualifier from pointer target type [-Wdiscarded-qualifiers]
  321 |         HAL_UART_Receive_IT(&huart2, &user_data,1);
      |                                      ^~~~~~~~~~
In file included from ../Core/Inc/stm32f4xx_hal_conf.h:411,
                 from ../Drivers/STM32F4xx_HAL_Driver/Inc/stm32f4xx_hal.h:29,
                 from ../Core/Inc/main.h:30,
                 from ../Core/Src/main.c:20:
../Drivers/STM32F4xx_HAL_Driver/Inc/stm32f4xx_hal_uart.h:748:75: note: expected 'uint8_t *' {aka 'unsigned char *'} but argument is of type 'volatile uint8_t *' {aka 'volatile unsigned char *'}
  748 | HAL_StatusTypeDef HAL_UART_Receive_IT(UART_HandleTypeDef *huart, uint8_t *pData, uint16_t Size);
      |                                                                  ~~~~~~~~~^~~~~
../Core/Src/task_handler.c:68:29: error: 'handle_led_task' undeclared (first use in this function)
   68 |                 xTaskNotify(handle_led_task,(uint32_t)cmd,eSetValueWithOverwrite);
      |                             ^~~~~~~~~~~~~~~
../Core/Src/task_handler.c:74:29: error: 'handle_rtc_task' undeclared (first use in this function)
   74 |                 xTaskNotify(handle_rtc_task,(uint32_t)cmd,eSetValueWithOverwrite);
      |                             ^~~~~~~~~~~~~~~
../Core/Src/task_handler.c: In function 'extract_cmd':
../Core/Src/task_handler.c:83:9: error: unknown type name 'BaseType_t'
   83 |         BaseType_t status;
      |         ^~~~~~~~~~
../Core/Src/task_handler.c:85:18: warning: implicit declaration of function 'uxQueueMessageWait' [-Wimplicit-function-declaration]
   85 |         status = uxQueueMessageWait(q_data);
      |                  ^~~~~~~~~~~~~~~~~~
../Core/Src/task_handler.c:85:37: error: 'q_data' undeclared (first use in this function)
   85 |         status = uxQueueMessageWait(q_data);
      |                                     ^~~~~~
../Core/Src/task_handler.c:90:26: warning: implicit declaration of function 'xQueueReceive' [-Wimplicit-function-declaration]
   90 |                 status = xQueueReceive(q_data,&item,0);
      |                          ^~~~~~~~~~~~~
../Core/Src/task_handler.c:91:30: error: 'pdTRUE' undeclared (first use in this function)
   91 |                 if(status == pdTRUE) cmd->payload[i++] = item;
      |                              ^~~~~~
make: *** [Core/Src/subdir.mk:40: Core/Src/task_handler.o] Error 1
make: *** Waiting for unfinished jobs....
"make -j16 all" terminated with exit code 2. Build might be incomplete.
01:18:30 **** Incremental Build of configuration Debug for project 001Tasks ****
make -j16 all 
arm-none-eabi-size  001Tasks.elf 
   text	   data	    bss	    dec	    hex	filename
  29984	    128	  84960	 115072	  1c180	001Tasks.elf
Finished building: default.size.stdout
 
01:18:31 **** Incremental Build of configuration Debug for project 008QueuesAndTimers ****
make -j16 all 
arm-none-eabi-gcc "../Core/Src/main.c" -mcpu=cortex-m4 -std=gnu11 -g3 -DDEBUG -DUSE_HAL_DRIVER -DSTM32F411xE -c -I../Core/Inc -I"E:/coursera/workspace/RTOSWorkspace/008QueuesAndTimers/ThirdParty/SEGGER/Config" -I"E:/coursera/workspace/RTOSWorkspace/008QueuesAndTimers/ThirdParty/SEGGER/SEGGER" -I"E:/coursera/workspace/RTOSWorkspace/008QueuesAndTimers/ThirdParty/SEGGER/OS" -I"E:/coursera/workspace/RTOSWorkspace/008QueuesAndTimers/ThirdParty/FreeRTOS" -I"E:/coursera/workspace/RTOSWorkspace/008QueuesAndTimers/ThirdParty/FreeRTOS/include" -I"E:/coursera/workspace/RTOSWorkspace/008QueuesAndTimers/ThirdParty/FreeRTOS/portable/GCC/ARM_CM4F" -I../Drivers/STM32F4xx_HAL_Driver/Inc -I../Drivers/STM32F4xx_HAL_Driver/Inc/Legacy -I../Drivers/CMSIS/Device/ST/STM32F4xx/Include -I../Drivers/CMSIS/Include -O0 -ffunction-sections -fdata-sections -Wall -fstack-usage -fcyclomatic-complexity -MMD -MP -MF"Core/Src/main.d" -MT"Core/Src/main.o" --specs=nano.specs -mfpu=fpv4-sp-d16 -mfloat-abi=hard -mthumb -o "Core/Src/main.o"
arm-none-eabi-gcc "../Core/Src/stm32f4xx_hal_msp.c" -mcpu=cortex-m4 -std=gnu11 -g3 -DDEBUG -DUSE_HAL_DRIVER -DSTM32F411xE -c -I../Core/Inc -I"E:/coursera/workspace/RTOSWorkspace/008QueuesAndTimers/ThirdParty/SEGGER/Config" -I"E:/coursera/workspace/RTOSWorkspace/008QueuesAndTimers/ThirdParty/SEGGER/SEGGER" -I"E:/coursera/workspace/RTOSWorkspace/008QueuesAndTimers/ThirdParty/SEGGER/OS" -I"E:/coursera/workspace/RTOSWorkspace/008QueuesAndTimers/ThirdParty/FreeRTOS" -I"E:/coursera/workspace/RTOSWorkspace/008QueuesAndTimers/ThirdParty/FreeRTOS/include" -I"E:/coursera/workspace/RTOSWorkspace/008QueuesAndTimers/ThirdParty/FreeRTOS/portable/GCC/ARM_CM4F" -I../Drivers/STM32F4xx_HAL_Driver/Inc -I../Drivers/STM32F4xx_HAL_Driver/Inc/Legacy -I../Drivers/CMSIS/Device/ST/STM32F4xx/Include -I../Drivers/CMSIS/Include -O0 -ffunction-sections -fdata-sections -Wall -fstack-usage -fcyclomatic-complexity -MMD -MP -MF"Core/Src/stm32f4xx_hal_msp.d" -MT"Core/Src/stm32f4xx_hal_msp.o" --specs=nano.specs -mfpu=fpv4-sp-d16 -mfloat-abi=hard -mthumb -o "Core/Src/stm32f4xx_hal_msp.o"
arm-none-eabi-gcc "../Core/Src/stm32f4xx_it.c" -mcpu=cortex-m4 -std=gnu11 -g3 -DDEBUG -DUSE_HAL_DRIVER -DSTM32F411xE -c -I../Core/Inc -I"E:/coursera/workspace/RTOSWorkspace/008QueuesAndTimers/ThirdParty/SEGGER/Config" -I"E:/coursera/workspace/RTOSWorkspace/008QueuesAndTimers/ThirdParty/SEGGER/SEGGER" -I"E:/coursera/workspace/RTOSWorkspace/008QueuesAndTimers/ThirdParty/SEGGER/OS" -I"E:/coursera/workspace/RTOSWorkspace/008QueuesAndTimers/ThirdParty/FreeRTOS" -I"E:/coursera/workspace/RTOSWorkspace/008QueuesAndTimers/ThirdParty/FreeRTOS/include" -I"E:/coursera/workspace/RTOSWorkspace/008QueuesAndTimers/ThirdParty/FreeRTOS/portable/GCC/ARM_CM4F" -I../Drivers/STM32F4xx_HAL_Driver/Inc -I../Drivers/STM32F4xx_HAL_Driver/Inc/Legacy -I../Drivers/CMSIS/Device/ST/STM32F4xx/Include -I../Drivers/CMSIS/Include -O0 -ffunction-sections -fdata-sections -Wall -fstack-usage -fcyclomatic-complexity -MMD -MP -MF"Core/Src/stm32f4xx_it.d" -MT"Core/Src/stm32f4xx_it.o" --specs=nano.specs -mfpu=fpv4-sp-d16 -mfloat-abi=hard -mthumb -o "Core/Src/stm32f4xx_it.o"
arm-none-eabi-gcc "../Core/Src/task_handler.c" -mcpu=cortex-m4 -std=gnu11 -g3 -DDEBUG -DUSE_HAL_DRIVER -DSTM32F411xE -c -I../Core/Inc -I"E:/coursera/workspace/RTOSWorkspace/008QueuesAndTimers/ThirdParty/SEGGER/Config" -I"E:/coursera/workspace/RTOSWorkspace/008QueuesAndTimers/ThirdParty/SEGGER/SEGGER" -I"E:/coursera/workspace/RTOSWorkspace/008QueuesAndTimers/ThirdParty/SEGGER/OS" -I"E:/coursera/workspace/RTOSWorkspace/008QueuesAndTimers/ThirdParty/FreeRTOS" -I"E:/coursera/workspace/RTOSWorkspace/008QueuesAndTimers/ThirdParty/FreeRTOS/include" -I"E:/coursera/workspace/RTOSWorkspace/008QueuesAndTimers/ThirdParty/FreeRTOS/portable/GCC/ARM_CM4F" -I../Drivers/STM32F4xx_HAL_Driver/Inc -I../Drivers/STM32F4xx_HAL_Driver/Inc/Legacy -I../Drivers/CMSIS/Device/ST/STM32F4xx/Include -I../Drivers/CMSIS/Include -O0 -ffunction-sections -fdata-sections -Wall -fstack-usage -fcyclomatic-complexity -MMD -MP -MF"Core/Src/task_handler.d" -MT"Core/Src/task_handler.o" --specs=nano.specs -mfpu=fpv4-sp-d16 -mfloat-abi=hard -mthumb -o "Core/Src/task_handler.o"
In file included from ../Core/Src/main.c:20:
../Core/Inc/main.h:56:8: error: unknown type name 'xTaskHandle'
   56 | extern xTaskHandle handle_menu_task;
      |        ^~~~~~~~~~~
../Core/Inc/main.h:57:8: error: unknown type name 'xTaskHandle'
   57 | extern xTaskHandle handle_cmd_task;
      |        ^~~~~~~~~~~
../Core/Inc/main.h:58:8: error: unknown type name 'xTaskHandle'
   58 | extern xTaskHandle handle_print_task;
      |        ^~~~~~~~~~~
../Core/Inc/main.h:59:8: error: unknown type name 'xTaskHandle'
   59 | extern xTaskHandle handle_led_task;
      |        ^~~~~~~~~~~
../Core/Inc/main.h:60:8: error: unknown type name 'xTaskHandle'
   60 | extern xTaskHandle handle_rtc_task;
      |        ^~~~~~~~~~~
../Core/Inc/main.h:62:8: error: unknown type name 'QueueHandle_t'
   62 | extern QueueHandle_t q_data;
      |        ^~~~~~~~~~~~~
../Core/Inc/main.h:63:8: error: unknown type name 'QueueHandle_t'
   63 | extern QueueHandle_t q_print;
      |        ^~~~~~~~~~~~~
../Core/Src/main.c:50:13: error: conflicting types for 'handle_menu_task'; have 'TaskHandle_t' {aka 'struct tskTaskControlBlock *'}
   50 | xTaskHandle handle_menu_task;
      |             ^~~~~~~~~~~~~~~~
In file included from ../Core/Src/main.c:20:
../Core/Inc/main.h:56:20: note: previous declaration of 'handle_menu_task' with type 'int'
   56 | extern xTaskHandle handle_menu_task;
      |                    ^~~~~~~~~~~~~~~~
../Core/Src/main.c:51:13: error: conflicting types for 'handle_cmd_task'; have 'TaskHandle_t' {aka 'struct tskTaskControlBlock *'}
   51 | xTaskHandle handle_cmd_task;
      |             ^~~~~~~~~~~~~~~
In file included from ../Core/Src/main.c:20:
../Core/Inc/main.h:57:20: note: previous declaration of 'handle_cmd_task' with type 'int'
   57 | extern xTaskHandle handle_cmd_task;
      |                    ^~~~~~~~~~~~~~~
../Core/Src/main.c:52:13: error: conflicting types for 'handle_print_task'; have 'TaskHandle_t' {aka 'struct tskTaskControlBlock *'}
   52 | xTaskHandle handle_print_task;
      |             ^~~~~~~~~~~~~~~~~
In file included from ../Core/Src/main.c:20:
../Core/Inc/main.h:58:20: note: previous declaration of 'handle_print_task' with type 'int'
   58 | extern xTaskHandle handle_print_task;
      |                    ^~~~~~~~~~~~~~~~~
../Core/Src/main.c:53:13: error: conflicting types for 'handle_led_task'; have 'TaskHandle_t' {aka 'struct tskTaskControlBlock *'}
   53 | xTaskHandle handle_led_task;
      |             ^~~~~~~~~~~~~~~
In file included from ../Core/Src/main.c:20:
../Core/Inc/main.h:59:20: note: previous declaration of 'handle_led_task' with type 'int'
   59 | extern xTaskHandle handle_led_task;
      |                    ^~~~~~~~~~~~~~~
../Core/Src/main.c:54:13: error: conflicting types for 'handle_rtc_task'; have 'TaskHandle_t' {aka 'struct tskTaskControlBlock *'}
   54 | xTaskHandle handle_rtc_task;
      |             ^~~~~~~~~~~~~~~
In file included from ../Core/Src/main.c:20:
../Core/Inc/main.h:60:20: note: previous declaration of 'handle_rtc_task' with type 'int'
   60 | extern xTaskHandle handle_rtc_task;
      |                    ^~~~~~~~~~~~~~~
../Core/Src/main.c:56:15: error: conflicting types for 'q_data'; have 'QueueHandle_t' {aka 'struct QueueDefinition *'}
   56 | QueueHandle_t q_data;
      |               ^~~~~~
In file included from ../Core/Src/main.c:20:
../Core/Inc/main.h:62:22: note: previous declaration of 'q_data' with type 'int'
   62 | extern QueueHandle_t q_data;
      |                      ^~~~~~
../Core/Src/main.c:57:15: error: conflicting types for 'q_print'; have 'QueueHandle_t' {aka 'struct QueueDefinition *'}
   57 | QueueHandle_t q_print;
      |               ^~~~~~~
In file included from ../Core/Src/main.c:20:
../Core/Inc/main.h:63:22: note: previous declaration of 'q_print' with type 'int'
   63 | extern QueueHandle_t q_print;
      |                      ^~~~~~~
../Core/Src/main.c: In function 'main':
../Core/Src/main.c:132:32: warning: passing argument 2 of 'HAL_UART_Receive_IT' discards 'volatile' qualifier from pointer target type [-Wdiscarded-qualifiers]
  132 |   HAL_UART_Receive_IT(&huart2, &user_data,1);
      |                                ^~~~~~~~~~
In file included from ../Core/Inc/stm32f4xx_hal_conf.h:411,
                 from ../Drivers/STM32F4xx_HAL_Driver/Inc/stm32f4xx_hal.h:29,
                 from ../Core/Inc/main.h:30,
                 from ../Core/Src/main.c:20:
../Drivers/STM32F4xx_HAL_Driver/Inc/stm32f4xx_hal_uart.h:748:75: note: expected 'uint8_t *' {aka 'unsigned char *'} but argument is of type 'volatile uint8_t *' {aka 'volatile unsigned char *'}
  748 | HAL_StatusTypeDef HAL_UART_Receive_IT(UART_HandleTypeDef *huart, uint8_t *pData, uint16_t Size);
      |                                                                  ~~~~~~~~~^~~~~
../Core/Src/main.c: In function 'HAL_UART_RxCpltCallback':
../Core/Src/main.c:321:38: warning: passing argument 2 of 'HAL_UART_Receive_IT' discards 'volatile' qualifier from pointer target type [-Wdiscarded-qualifiers]
  321 |         HAL_UART_Receive_IT(&huart2, &user_data,1);
      |                                      ^~~~~~~~~~
In file included from ../Core/Inc/stm32f4xx_hal_conf.h:411,
                 from ../Drivers/STM32F4xx_HAL_Driver/Inc/stm32f4xx_hal.h:29,
                 from ../Core/Inc/main.h:30,
                 from ../Core/Src/main.c:20:
../Drivers/STM32F4xx_HAL_Driver/Inc/stm32f4xx_hal_uart.h:748:75: note: expected 'uint8_t *' {aka 'unsigned char *'} but argument is of type 'volatile uint8_t *' {aka 'volatile unsigned char *'}
  748 | HAL_StatusTypeDef HAL_UART_Receive_IT(UART_HandleTypeDef *huart, uint8_t *pData, uint16_t Size);
      |                                                                  ~~~~~~~~~^~~~~
In file included from ../Core/Src/stm32f4xx_hal_msp.c:22:
../Core/Inc/main.h:56:8: error: unknown type name 'xTaskHandle'
   56 | extern xTaskHandle handle_menu_task;
      |        ^~~~~~~~~~~
../Core/Inc/main.h:57:8: error: unknown type name 'xTaskHandle'
   57 | extern xTaskHandle handle_cmd_task;
      |        ^~~~~~~~~~~
../Core/Inc/main.h:58:8: error: unknown type name 'xTaskHandle'
   58 | extern xTaskHandle handle_print_task;
      |        ^~~~~~~~~~~
../Core/Inc/main.h:59:8: error: unknown type name 'xTaskHandle'
   59 | extern xTaskHandle handle_led_task;
      |        ^~~~~~~~~~~
../Core/Inc/main.h:60:8: error: unknown type name 'xTaskHandle'
   60 | extern xTaskHandle handle_rtc_task;
      |        ^~~~~~~~~~~
../Core/Inc/main.h:62:8: error: unknown type name 'QueueHandle_t'
   62 | extern QueueHandle_t q_data;
      |        ^~~~~~~~~~~~~
../Core/Inc/main.h:63:8: error: unknown type name 'QueueHandle_t'
   63 | extern QueueHandle_t q_print;
      |        ^~~~~~~~~~~~~
In file included from ../Core/Src/stm32f4xx_it.c:21:
../Core/Inc/main.h:56:8: error: unknown type name 'xTaskHandle'
   56 | extern xTaskHandle handle_menu_task;
      |        ^~~~~~~~~~~
../Core/Inc/main.h:57:8: error: unknown type name 'xTaskHandle'
   57 | extern xTaskHandle handle_cmd_task;
      |        ^~~~~~~~~~~
../Core/Inc/main.h:58:8: error: unknown type name 'xTaskHandle'
   58 | extern xTaskHandle handle_print_task;
      |        ^~~~~~~~~~~
../Core/Inc/main.h:59:8: error: unknown type name 'xTaskHandle'
   59 | extern xTaskHandle handle_led_task;
      |        ^~~~~~~~~~~
../Core/Inc/main.h:60:8: error: unknown type name 'xTaskHandle'
   60 | extern xTaskHandle handle_rtc_task;
      |        ^~~~~~~~~~~
../Core/Inc/main.h:62:8: error: unknown type name 'QueueHandle_t'
   62 | extern QueueHandle_t q_data;
      |        ^~~~~~~~~~~~~
../Core/Inc/main.h:63:8: error: unknown type name 'QueueHandle_t'
   63 | extern QueueHandle_t q_print;
      |        ^~~~~~~~~~~~~
make: *** [Core/Src/subdir.mk:40: Core/Src/main.o] Error 1
make: *** Waiting for unfinished jobs....
make: *** [Core/Src/subdir.mk:40: Core/Src/stm32f4xx_hal_msp.o] Error 1
make: *** [Core/Src/subdir.mk:40: Core/Src/stm32f4xx_it.o] Error 1
In file included from ../Core/Src/task_handler.c:8:
../Core/Inc/main.h:56:8: error: unknown type name 'xTaskHandle'
   56 | extern xTaskHandle handle_menu_task;
      |        ^~~~~~~~~~~
../Core/Inc/main.h:57:8: error: unknown type name 'xTaskHandle'
   57 | extern xTaskHandle handle_cmd_task;
      |        ^~~~~~~~~~~
../Core/Inc/main.h:58:8: error: unknown type name 'xTaskHandle'
   58 | extern xTaskHandle handle_print_task;
      |        ^~~~~~~~~~~
../Core/Inc/main.h:59:8: error: unknown type name 'xTaskHandle'
   59 | extern xTaskHandle handle_led_task;
      |        ^~~~~~~~~~~
../Core/Inc/main.h:60:8: error: unknown type name 'xTaskHandle'
   60 | extern xTaskHandle handle_rtc_task;
      |        ^~~~~~~~~~~
../Core/Inc/main.h:62:8: error: unknown type name 'QueueHandle_t'
   62 | extern QueueHandle_t q_data;
      |        ^~~~~~~~~~~~~
../Core/Inc/main.h:63:8: error: unknown type name 'QueueHandle_t'
   63 | extern QueueHandle_t q_print;
      |        ^~~~~~~~~~~~~
../Core/Src/task_handler.c: In function 'cmd_task':
../Core/Src/task_handler.c:22:9: error: unknown type name 'BaseType_t'
   22 |         BaseType_t ret;
      |         ^~~~~~~~~~
../Core/Src/task_handler.c:26:23: warning: implicit declaration of function 'xTaskNotifyWait' [-Wimplicit-function-declaration]
   26 |                 ret = xTaskNotifyWait(0,0,NULL,portMAX_DELAY);
      |                       ^~~~~~~~~~~~~~~
../Core/Src/task_handler.c:26:48: error: 'portMAX_DELAY' undeclared (first use in this function); did you mean 'HAL_MAX_DELAY'?
   26 |                 ret = xTaskNotifyWait(0,0,NULL,portMAX_DELAY);
      |                                                ^~~~~~~~~~~~~
      |                                                HAL_MAX_DELAY
../Core/Src/task_handler.c:26:48: note: each undeclared identifier is reported only once for each function it appears in
../Core/Src/task_handler.c:27:27: error: 'pdTRUE' undeclared (first use in this function)
   27 |                 if(ret == pdTRUE)
      |                           ^~~~~~
../Core/Src/task_handler.c: In function 'process_cmd':
../Core/Src/task_handler.c:62:16: error: 'state' undeclared (first use in this function); did you mean 'state_t'?
   62 |         switch(state)
      |                ^~~~~
      |                state_t
../Core/Src/task_handler.c:65:17: warning: implicit declaration of function 'xTaskNotify' [-Wimplicit-function-declaration]
   65 |                 xTaskNotify(handle_menu_task,(uint32_t)cmd,eSetValueWithOverwrite);
      |                 ^~~~~~~~~~~
../Core/Src/task_handler.c:65:60: error: 'eSetValueWithOverwrite' undeclared (first use in this function)
   65 |                 xTaskNotify(handle_menu_task,(uint32_t)cmd,eSetValueWithOverwrite);
      |                                                            ^~~~~~~~~~~~~~~~~~~~~~
../Core/Src/task_handler.c: In function 'extract_cmd':
../Core/Src/task_handler.c:83:9: error: unknown type name 'BaseType_t'
   83 |         BaseType_t status;
      |         ^~~~~~~~~~
../Core/Src/task_handler.c:85:18: warning: implicit declaration of function 'uxQueueMessageWait' [-Wimplicit-function-declaration]
   85 |         status = uxQueueMessageWait(q_data);
      |                  ^~~~~~~~~~~~~~~~~~
../Core/Src/task_handler.c:90:26: warning: implicit declaration of function 'xQueueReceive' [-Wimplicit-function-declaration]
   90 |                 status = xQueueReceive(q_data,&item,0);
      |                          ^~~~~~~~~~~~~
../Core/Src/task_handler.c:91:30: error: 'pdTRUE' undeclared (first use in this function)
   91 |                 if(status == pdTRUE) cmd->payload[i++] = item;
      |                              ^~~~~~
make: *** [Core/Src/subdir.mk:40: Core/Src/task_handler.o] Error 1
"make -j16 all" terminated with exit code 2. Build might be incomplete.
01:19:30 **** Incremental Build of configuration Debug for project 001Tasks ****
make -j16 all 
arm-none-eabi-size  001Tasks.elf 
   text	   data	    bss	    dec	    hex	filename
  29984	    128	  84960	 115072	  1c180	001Tasks.elf
Finished building: default.size.stdout
 
01:19:30 **** Incremental Build of configuration Debug for project 008QueuesAndTimers ****
make -j16 all 
arm-none-eabi-gcc "../Core/Src/main.c" -mcpu=cortex-m4 -std=gnu11 -g3 -DDEBUG -DUSE_HAL_DRIVER -DSTM32F411xE -c -I../Core/Inc -I"E:/coursera/workspace/RTOSWorkspace/008QueuesAndTimers/ThirdParty/SEGGER/Config" -I"E:/coursera/workspace/RTOSWorkspace/008QueuesAndTimers/ThirdParty/SEGGER/SEGGER" -I"E:/coursera/workspace/RTOSWorkspace/008QueuesAndTimers/ThirdParty/SEGGER/OS" -I"E:/coursera/workspace/RTOSWorkspace/008QueuesAndTimers/ThirdParty/FreeRTOS" -I"E:/coursera/workspace/RTOSWorkspace/008QueuesAndTimers/ThirdParty/FreeRTOS/include" -I"E:/coursera/workspace/RTOSWorkspace/008QueuesAndTimers/ThirdParty/FreeRTOS/portable/GCC/ARM_CM4F" -I../Drivers/STM32F4xx_HAL_Driver/Inc -I../Drivers/STM32F4xx_HAL_Driver/Inc/Legacy -I../Drivers/CMSIS/Device/ST/STM32F4xx/Include -I../Drivers/CMSIS/Include -O0 -ffunction-sections -fdata-sections -Wall -fstack-usage -fcyclomatic-complexity -MMD -MP -MF"Core/Src/main.d" -MT"Core/Src/main.o" --specs=nano.specs -mfpu=fpv4-sp-d16 -mfloat-abi=hard -mthumb -o "Core/Src/main.o"
arm-none-eabi-gcc "../Core/Src/stm32f4xx_hal_msp.c" -mcpu=cortex-m4 -std=gnu11 -g3 -DDEBUG -DUSE_HAL_DRIVER -DSTM32F411xE -c -I../Core/Inc -I"E:/coursera/workspace/RTOSWorkspace/008QueuesAndTimers/ThirdParty/SEGGER/Config" -I"E:/coursera/workspace/RTOSWorkspace/008QueuesAndTimers/ThirdParty/SEGGER/SEGGER" -I"E:/coursera/workspace/RTOSWorkspace/008QueuesAndTimers/ThirdParty/SEGGER/OS" -I"E:/coursera/workspace/RTOSWorkspace/008QueuesAndTimers/ThirdParty/FreeRTOS" -I"E:/coursera/workspace/RTOSWorkspace/008QueuesAndTimers/ThirdParty/FreeRTOS/include" -I"E:/coursera/workspace/RTOSWorkspace/008QueuesAndTimers/ThirdParty/FreeRTOS/portable/GCC/ARM_CM4F" -I../Drivers/STM32F4xx_HAL_Driver/Inc -I../Drivers/STM32F4xx_HAL_Driver/Inc/Legacy -I../Drivers/CMSIS/Device/ST/STM32F4xx/Include -I../Drivers/CMSIS/Include -O0 -ffunction-sections -fdata-sections -Wall -fstack-usage -fcyclomatic-complexity -MMD -MP -MF"Core/Src/stm32f4xx_hal_msp.d" -MT"Core/Src/stm32f4xx_hal_msp.o" --specs=nano.specs -mfpu=fpv4-sp-d16 -mfloat-abi=hard -mthumb -o "Core/Src/stm32f4xx_hal_msp.o"
arm-none-eabi-gcc "../Core/Src/stm32f4xx_it.c" -mcpu=cortex-m4 -std=gnu11 -g3 -DDEBUG -DUSE_HAL_DRIVER -DSTM32F411xE -c -I../Core/Inc -I"E:/coursera/workspace/RTOSWorkspace/008QueuesAndTimers/ThirdParty/SEGGER/Config" -I"E:/coursera/workspace/RTOSWorkspace/008QueuesAndTimers/ThirdParty/SEGGER/SEGGER" -I"E:/coursera/workspace/RTOSWorkspace/008QueuesAndTimers/ThirdParty/SEGGER/OS" -I"E:/coursera/workspace/RTOSWorkspace/008QueuesAndTimers/ThirdParty/FreeRTOS" -I"E:/coursera/workspace/RTOSWorkspace/008QueuesAndTimers/ThirdParty/FreeRTOS/include" -I"E:/coursera/workspace/RTOSWorkspace/008QueuesAndTimers/ThirdParty/FreeRTOS/portable/GCC/ARM_CM4F" -I../Drivers/STM32F4xx_HAL_Driver/Inc -I../Drivers/STM32F4xx_HAL_Driver/Inc/Legacy -I../Drivers/CMSIS/Device/ST/STM32F4xx/Include -I../Drivers/CMSIS/Include -O0 -ffunction-sections -fdata-sections -Wall -fstack-usage -fcyclomatic-complexity -MMD -MP -MF"Core/Src/stm32f4xx_it.d" -MT"Core/Src/stm32f4xx_it.o" --specs=nano.specs -mfpu=fpv4-sp-d16 -mfloat-abi=hard -mthumb -o "Core/Src/stm32f4xx_it.o"
arm-none-eabi-gcc "../Core/Src/task_handler.c" -mcpu=cortex-m4 -std=gnu11 -g3 -DDEBUG -DUSE_HAL_DRIVER -DSTM32F411xE -c -I../Core/Inc -I"E:/coursera/workspace/RTOSWorkspace/008QueuesAndTimers/ThirdParty/SEGGER/Config" -I"E:/coursera/workspace/RTOSWorkspace/008QueuesAndTimers/ThirdParty/SEGGER/SEGGER" -I"E:/coursera/workspace/RTOSWorkspace/008QueuesAndTimers/ThirdParty/SEGGER/OS" -I"E:/coursera/workspace/RTOSWorkspace/008QueuesAndTimers/ThirdParty/FreeRTOS" -I"E:/coursera/workspace/RTOSWorkspace/008QueuesAndTimers/ThirdParty/FreeRTOS/include" -I"E:/coursera/workspace/RTOSWorkspace/008QueuesAndTimers/ThirdParty/FreeRTOS/portable/GCC/ARM_CM4F" -I../Drivers/STM32F4xx_HAL_Driver/Inc -I../Drivers/STM32F4xx_HAL_Driver/Inc/Legacy -I../Drivers/CMSIS/Device/ST/STM32F4xx/Include -I../Drivers/CMSIS/Include -O0 -ffunction-sections -fdata-sections -Wall -fstack-usage -fcyclomatic-complexity -MMD -MP -MF"Core/Src/task_handler.d" -MT"Core/Src/task_handler.o" --specs=nano.specs -mfpu=fpv4-sp-d16 -mfloat-abi=hard -mthumb -o "Core/Src/task_handler.o"
In file included from ../Core/Inc/main.h:34,
                 from ../Core/Src/main.c:20:
E:/coursera/workspace/RTOSWorkspace/008QueuesAndTimers/ThirdParty/FreeRTOS/include/FreeRTOS.h:1022:43: error: unknown type name 'TaskHandle_t'
 1022 |     #define xTaskHandle                   TaskHandle_t
      |                                           ^~~~~~~~~~~~
../Core/Inc/main.h:56:8: note: in expansion of macro 'xTaskHandle'
   56 | extern xTaskHandle handle_menu_task;
      |        ^~~~~~~~~~~
E:/coursera/workspace/RTOSWorkspace/008QueuesAndTimers/ThirdParty/FreeRTOS/include/FreeRTOS.h:1022:43: error: unknown type name 'TaskHandle_t'
 1022 |     #define xTaskHandle                   TaskHandle_t
      |                                           ^~~~~~~~~~~~
../Core/Inc/main.h:57:8: note: in expansion of macro 'xTaskHandle'
   57 | extern xTaskHandle handle_cmd_task;
      |        ^~~~~~~~~~~
E:/coursera/workspace/RTOSWorkspace/008QueuesAndTimers/ThirdParty/FreeRTOS/include/FreeRTOS.h:1022:43: error: unknown type name 'TaskHandle_t'
 1022 |     #define xTaskHandle                   TaskHandle_t
      |                                           ^~~~~~~~~~~~
../Core/Inc/main.h:58:8: note: in expansion of macro 'xTaskHandle'
   58 | extern xTaskHandle handle_print_task;
      |        ^~~~~~~~~~~
E:/coursera/workspace/RTOSWorkspace/008QueuesAndTimers/ThirdParty/FreeRTOS/include/FreeRTOS.h:1022:43: error: unknown type name 'TaskHandle_t'
 1022 |     #define xTaskHandle                   TaskHandle_t
      |                                           ^~~~~~~~~~~~
../Core/Inc/main.h:59:8: note: in expansion of macro 'xTaskHandle'
   59 | extern xTaskHandle handle_led_task;
      |        ^~~~~~~~~~~
E:/coursera/workspace/RTOSWorkspace/008QueuesAndTimers/ThirdParty/FreeRTOS/include/FreeRTOS.h:1022:43: error: unknown type name 'TaskHandle_t'
 1022 |     #define xTaskHandle                   TaskHandle_t
      |                                           ^~~~~~~~~~~~
../Core/Inc/main.h:60:8: note: in expansion of macro 'xTaskHandle'
   60 | extern xTaskHandle handle_rtc_task;
      |        ^~~~~~~~~~~
In file included from ../Core/Src/main.c:20:
../Core/Inc/main.h:62:8: error: unknown type name 'QueueHandle_t'
   62 | extern QueueHandle_t q_data;
      |        ^~~~~~~~~~~~~
../Core/Inc/main.h:63:8: error: unknown type name 'QueueHandle_t'
   63 | extern QueueHandle_t q_print;
      |        ^~~~~~~~~~~~~
In file included from ../Core/Inc/main.h:34,
                 from ../Core/Src/stm32f4xx_hal_msp.c:22:
E:/coursera/workspace/RTOSWorkspace/008QueuesAndTimers/ThirdParty/FreeRTOS/include/FreeRTOS.h:1022:43: error: unknown type name 'TaskHandle_t'
 1022 |     #define xTaskHandle                   TaskHandle_t
      |                                           ^~~~~~~~~~~~
../Core/Inc/main.h:56:8: note: in expansion of macro 'xTaskHandle'
   56 | extern xTaskHandle handle_menu_task;
      |        ^~~~~~~~~~~
E:/coursera/workspace/RTOSWorkspace/008QueuesAndTimers/ThirdParty/FreeRTOS/include/FreeRTOS.h:1022:43: error: unknown type name 'TaskHandle_t'
 1022 |     #define xTaskHandle                   TaskHandle_t
      |                                           ^~~~~~~~~~~~
../Core/Inc/main.h:57:8: note: in expansion of macro 'xTaskHandle'
   57 | extern xTaskHandle handle_cmd_task;
      |        ^~~~~~~~~~~
E:/coursera/workspace/RTOSWorkspace/008QueuesAndTimers/ThirdParty/FreeRTOS/include/FreeRTOS.h:1022:43: error: unknown type name 'TaskHandle_t'
 1022 |     #define xTaskHandle                   TaskHandle_t
      |                                           ^~~~~~~~~~~~
../Core/Inc/main.h:58:8: note: in expansion of macro 'xTaskHandle'
   58 | extern xTaskHandle handle_print_task;
      |        ^~~~~~~~~~~
../Core/Src/main.c:49:13: error: conflicting types for 'handle_menu_task'; have 'TaskHandle_t' {aka 'struct tskTaskControlBlock *'}
   49 | xTaskHandle handle_menu_task;
      |             ^~~~~~~~~~~~~~~~
In file included from ../Core/Src/main.c:20:
../Core/Inc/main.h:56:20: note: previous declaration of 'handle_menu_task' with type 'int'
   56 | extern xTaskHandle handle_menu_task;
      |                    ^~~~~~~~~~~~~~~~
../Core/Src/main.c:50:13: error: conflicting types for 'handle_cmd_task'; have 'TaskHandle_t' {aka 'struct tskTaskControlBlock *'}
   50 | xTaskHandle handle_cmd_task;
      |             ^~~~~~~~~~~~~~~
E:/coursera/workspace/RTOSWorkspace/008QueuesAndTimers/ThirdParty/FreeRTOS/include/FreeRTOS.h:1022:43: error: unknown type name 'TaskHandle_t'
 1022 |     #define xTaskHandle                   TaskHandle_t
      |                                           ^~~~~~~~~~~~
../Core/Inc/main.h:59:8: note: in expansion of macro 'xTaskHandle'
   59 | extern xTaskHandle handle_led_task;
      |        ^~~~~~~~~~~
In file included from ../Core/Src/main.c:20:
../Core/Inc/main.h:57:20: note: previous declaration of 'handle_cmd_task' with type 'int'
   57 | extern xTaskHandle handle_cmd_task;
      |                    ^~~~~~~~~~~~~~~
E:/coursera/workspace/RTOSWorkspace/008QueuesAndTimers/ThirdParty/FreeRTOS/include/FreeRTOS.h:1022:43: error: unknown type name 'TaskHandle_t'
 1022 |     #define xTaskHandle                   TaskHandle_t
      |                                           ^~~~~~~~~~~~
../Core/Inc/main.h:60:8: note: in expansion of macro 'xTaskHandle'
   60 | extern xTaskHandle handle_rtc_task;
      |        ^~~~~~~~~~~
../Core/Src/main.c:51:13: error: conflicting types for 'handle_print_task'; have 'TaskHandle_t' {aka 'struct tskTaskControlBlock *'}
   51 | xTaskHandle handle_print_task;
      |             ^~~~~~~~~~~~~~~~~
In file included from ../Core/Src/stm32f4xx_hal_msp.c:22:
../Core/Inc/main.h:62:8: error: unknown type name 'QueueHandle_t'
   62 | extern QueueHandle_t q_data;
      |        ^~~~~~~~~~~~~
In file included from ../Core/Src/main.c:20:
../Core/Inc/main.h:58:20: note: previous declaration of 'handle_print_task' with type 'int'
   58 | extern xTaskHandle handle_print_task;
      |                    ^~~~~~~~~~~~~~~~~
../Core/Inc/main.h:63:8: error: unknown type name 'QueueHandle_t'
   63 | extern QueueHandle_t q_print;
      |        ^~~~~~~~~~~~~
../Core/Src/main.c:52:13: error: conflicting types for 'handle_led_task'; have 'TaskHandle_t' {aka 'struct tskTaskControlBlock *'}
   52 | xTaskHandle handle_led_task;
      |             ^~~~~~~~~~~~~~~
In file included from ../Core/Src/main.c:20:
../Core/Inc/main.h:59:20: note: previous declaration of 'handle_led_task' with type 'int'
   59 | extern xTaskHandle handle_led_task;
      |                    ^~~~~~~~~~~~~~~
../Core/Src/main.c:53:13: error: conflicting types for 'handle_rtc_task'; have 'TaskHandle_t' {aka 'struct tskTaskControlBlock *'}
   53 | xTaskHandle handle_rtc_task;
      |             ^~~~~~~~~~~~~~~
In file included from ../Core/Src/main.c:20:
../Core/Inc/main.h:60:20: note: previous declaration of 'handle_rtc_task' with type 'int'
   60 | extern xTaskHandle handle_rtc_task;
      |                    ^~~~~~~~~~~~~~~
../Core/Src/main.c:55:15: error: conflicting types for 'q_data'; have 'QueueHandle_t' {aka 'struct QueueDefinition *'}
   55 | QueueHandle_t q_data;
      |               ^~~~~~
In file included from ../Core/Src/main.c:20:
../Core/Inc/main.h:62:22: note: previous declaration of 'q_data' with type 'int'
   62 | extern QueueHandle_t q_data;
      |                      ^~~~~~
../Core/Src/main.c:56:15: error: conflicting types for 'q_print'; have 'QueueHandle_t' {aka 'struct QueueDefinition *'}
   56 | QueueHandle_t q_print;
      |               ^~~~~~~
In file included from ../Core/Src/main.c:20:
../Core/Inc/main.h:63:22: note: previous declaration of 'q_print' with type 'int'
   63 | extern QueueHandle_t q_print;
      |                      ^~~~~~~
../Core/Src/main.c: In function 'main':
../Core/Src/main.c:131:32: warning: passing argument 2 of 'HAL_UART_Receive_IT' discards 'volatile' qualifier from pointer target type [-Wdiscarded-qualifiers]
  131 |   HAL_UART_Receive_IT(&huart2, &user_data,1);
      |                                ^~~~~~~~~~
In file included from ../Core/Inc/stm32f4xx_hal_conf.h:411,
                 from ../Drivers/STM32F4xx_HAL_Driver/Inc/stm32f4xx_hal.h:29,
                 from ../Core/Inc/main.h:30,
                 from ../Core/Src/main.c:20:
../Drivers/STM32F4xx_HAL_Driver/Inc/stm32f4xx_hal_uart.h:748:75: note: expected 'uint8_t *' {aka 'unsigned char *'} but argument is of type 'volatile uint8_t *' {aka 'volatile unsigned char *'}
  748 | HAL_StatusTypeDef HAL_UART_Receive_IT(UART_HandleTypeDef *huart, uint8_t *pData, uint16_t Size);
      |                                                                  ~~~~~~~~~^~~~~
../Core/Src/main.c: In function 'HAL_UART_RxCpltCallback':
../Core/Src/main.c:320:38: warning: passing argument 2 of 'HAL_UART_Receive_IT' discards 'volatile' qualifier from pointer target type [-Wdiscarded-qualifiers]
  320 |         HAL_UART_Receive_IT(&huart2, &user_data,1);
      |                                      ^~~~~~~~~~
In file included from ../Core/Inc/stm32f4xx_hal_conf.h:411,
                 from ../Drivers/STM32F4xx_HAL_Driver/Inc/stm32f4xx_hal.h:29,
                 from ../Core/Inc/main.h:30,
                 from ../Core/Src/main.c:20:
../Drivers/STM32F4xx_HAL_Driver/Inc/stm32f4xx_hal_uart.h:748:75: note: expected 'uint8_t *' {aka 'unsigned char *'} but argument is of type 'volatile uint8_t *' {aka 'volatile unsigned char *'}
  748 | HAL_StatusTypeDef HAL_UART_Receive_IT(UART_HandleTypeDef *huart, uint8_t *pData, uint16_t Size);
      |                                                                  ~~~~~~~~~^~~~~
In file included from ../Core/Inc/main.h:34,
                 from ../Core/Src/stm32f4xx_it.c:21:
E:/coursera/workspace/RTOSWorkspace/008QueuesAndTimers/ThirdParty/FreeRTOS/include/FreeRTOS.h:1022:43: error: unknown type name 'TaskHandle_t'
 1022 |     #define xTaskHandle                   TaskHandle_t
      |                                           ^~~~~~~~~~~~
../Core/Inc/main.h:56:8: note: in expansion of macro 'xTaskHandle'
   56 | extern xTaskHandle handle_menu_task;
      |        ^~~~~~~~~~~
E:/coursera/workspace/RTOSWorkspace/008QueuesAndTimers/ThirdParty/FreeRTOS/include/FreeRTOS.h:1022:43: error: unknown type name 'TaskHandle_t'
 1022 |     #define xTaskHandle                   TaskHandle_t
      |                                           ^~~~~~~~~~~~
../Core/Inc/main.h:57:8: note: in expansion of macro 'xTaskHandle'
   57 | extern xTaskHandle handle_cmd_task;
      |        ^~~~~~~~~~~
In file included from ../Core/Inc/main.h:34,
                 from ../Core/Src/task_handler.c:8:
E:/coursera/workspace/RTOSWorkspace/008QueuesAndTimers/ThirdParty/FreeRTOS/include/FreeRTOS.h:1022:43: error: unknown type name 'TaskHandle_t'
 1022 |     #define xTaskHandle                   TaskHandle_t
      |                                           ^~~~~~~~~~~~
../Core/Inc/main.h:56:8: note: in expansion of macro 'xTaskHandle'
   56 | extern xTaskHandle handle_menu_task;
      |        ^~~~~~~~~~~
E:/coursera/workspace/RTOSWorkspace/008QueuesAndTimers/ThirdParty/FreeRTOS/include/FreeRTOS.h:1022:43: error: unknown type name 'TaskHandle_t'
 1022 |     #define xTaskHandle                   TaskHandle_t
      |                                           ^~~~~~~~~~~~
../Core/Inc/main.h:58:8: note: in expansion of macro 'xTaskHandle'
   58 | extern xTaskHandle handle_print_task;
      |        ^~~~~~~~~~~
E:/coursera/workspace/RTOSWorkspace/008QueuesAndTimers/ThirdParty/FreeRTOS/include/FreeRTOS.h:1022:43: error: unknown type name 'TaskHandle_t'
 1022 |     #define xTaskHandle                   TaskHandle_t
      |                                           ^~~~~~~~~~~~
../Core/Inc/main.h:57:8: note: in expansion of macro 'xTaskHandle'
   57 | extern xTaskHandle handle_cmd_task;
      |        ^~~~~~~~~~~
make: *** [Core/Src/subdir.mk:40: Core/Src/stm32f4xx_hal_msp.o] Error 1
E:/coursera/workspace/RTOSWorkspace/008QueuesAndTimers/ThirdParty/FreeRTOS/include/FreeRTOS.h:1022:43: error: unknown type name 'TaskHandle_t'
 1022 |     #define xTaskHandle                   TaskHandle_t
      |                                           ^~~~~~~~~~~~
../Core/Inc/main.h:59:8: note: in expansion of macro 'xTaskHandle'
   59 | extern xTaskHandle handle_led_task;
      |        ^~~~~~~~~~~
E:/coursera/workspace/RTOSWorkspace/008QueuesAndTimers/ThirdParty/FreeRTOS/include/FreeRTOS.h:1022:43: error: unknown type name 'TaskHandle_t'
 1022 |     #define xTaskHandle                   TaskHandle_t
      |                                           ^~~~~~~~~~~~
../Core/Inc/main.h:58:8: note: in expansion of macro 'xTaskHandle'
   58 | extern xTaskHandle handle_print_task;
      |        ^~~~~~~~~~~
make: *** Waiting for unfinished jobs....
E:/coursera/workspace/RTOSWorkspace/008QueuesAndTimers/ThirdParty/FreeRTOS/include/FreeRTOS.h:1022:43: error: unknown type name 'TaskHandle_t'
 1022 |     #define xTaskHandle                   TaskHandle_t
      |                                           ^~~~~~~~~~~~
../Core/Inc/main.h:60:8: note: in expansion of macro 'xTaskHandle'
   60 | extern xTaskHandle handle_rtc_task;
      |        ^~~~~~~~~~~
E:/coursera/workspace/RTOSWorkspace/008QueuesAndTimers/ThirdParty/FreeRTOS/include/FreeRTOS.h:1022:43: error: unknown type name 'TaskHandle_t'
 1022 |     #define xTaskHandle                   TaskHandle_t
      |                                           ^~~~~~~~~~~~
../Core/Inc/main.h:59:8: note: in expansion of macro 'xTaskHandle'
   59 | extern xTaskHandle handle_led_task;
      |        ^~~~~~~~~~~
In file included from ../Core/Src/stm32f4xx_it.c:21:
../Core/Inc/main.h:62:8: error: unknown type name 'QueueHandle_t'
   62 | extern QueueHandle_t q_data;
      |        ^~~~~~~~~~~~~
[...]
                 from ../Drivers/STM32F4xx_HAL_Driver/Inc/stm32f4xx_hal.h:29,
                 from ../Core/Inc/main.h:30,
                 from ../Core/Src/main.c:20:
../Drivers/STM32F4xx_HAL_Driver/Inc/stm32f4xx_hal_uart.h:748:75: note: expected 'uint8_t *' {aka 'unsigned char *'} but argument is of type 'volatile uint8_t *' {aka 'volatile unsigned char *'}
  748 | HAL_StatusTypeDef HAL_UART_Receive_IT(UART_HandleTypeDef *huart, uint8_t *pData, uint16_t Size);
      |                                                                  ~~~~~~~~~^~~~~
../Core/Src/main.c: In function 'HAL_UART_RxCpltCallback':
../Core/Src/main.c:330:38: warning: passing argument 2 of 'HAL_UART_Receive_IT' discards 'volatile' qualifier from pointer target type [-Wdiscarded-qualifiers]
  330 |         HAL_UART_Receive_IT(&huart2, &user_data,1);
      |                                      ^~~~~~~~~~
In file included from ../Core/Inc/stm32f4xx_hal_conf.h:411,
                 from ../Drivers/STM32F4xx_HAL_Driver/Inc/stm32f4xx_hal.h:29,
                 from ../Core/Inc/main.h:30,
                 from ../Core/Src/main.c:20:
../Drivers/STM32F4xx_HAL_Driver/Inc/stm32f4xx_hal_uart.h:748:75: note: expected 'uint8_t *' {aka 'unsigned char *'} but argument is of type 'volatile uint8_t *' {aka 'volatile unsigned char *'}
  748 | HAL_StatusTypeDef HAL_UART_Receive_IT(UART_HandleTypeDef *huart, uint8_t *pData, uint16_t Size);
      |                                                                  ~~~~~~~~~^~~~~
arm-none-eabi-gcc -o "008QueuesAndTimers.elf" @"objects.list"   -mcpu=cortex-m4 -T"E:\coursera\workspace\RTOSWorkspace\008QueuesAndTimers\STM32F411RETX_FLASH.ld" --specs=nosys.specs -Wl,-Map="008QueuesAndTimers.map" -Wl,--gc-sections -static --specs=nano.specs -mfpu=fpv4-sp-d16 -mfloat-abi=hard -mthumb -Wl,--start-group -lc -lm -Wl,--end-group
Finished building target: 008QueuesAndTimers.elf
 
arm-none-eabi-size  008QueuesAndTimers.elf 
arm-none-eabi-objdump -h -S 008QueuesAndTimers.elf  > "008QueuesAndTimers.list"
   text	   data	    bss	    dec	    hex	filename
  32880	    124	  79428	 112432	  1b730	008QueuesAndTimers.elf
Finished building: default.size.stdout
 
Finished building: 008QueuesAndTimers.list
 
16:04:46 **** Incremental Build of configuration Debug for project 008QueuesAndTimers ****
make -j16 all 
arm-none-eabi-size  008QueuesAndTimers.elf 
   text	   data	    bss	    dec	    hex	filename
  32880	    124	  79428	 112432	  1b730	008QueuesAndTimers.elf
Finished building: default.size.stdout
 
16:05:20 **** Incremental Build of configuration Debug for project 008QueuesAndTimers ****
make -j16 all 
arm-none-eabi-size  008QueuesAndTimers.elf 
   text	   data	    bss	    dec	    hex	filename
  32880	    124	  79428	 112432	  1b730	008QueuesAndTimers.elf
Finished building: default.size.stdout
 
16:06:28 **** Incremental Build of configuration Debug for project 008QueuesAndTimers ****
make -j16 all 
arm-none-eabi-size  008QueuesAndTimers.elf 
   text	   data	    bss	    dec	    hex	filename
  32880	    124	  79428	 112432	  1b730	008QueuesAndTimers.elf
Finished building: default.size.stdout
 
16:13:43 **** Incremental Build of configuration Debug for project 008QueuesAndTimers ****
make -j16 all 
arm-none-eabi-size  008QueuesAndTimers.elf 
   text	   data	    bss	    dec	    hex	filename
  32880	    124	  79428	 112432	  1b730	008QueuesAndTimers.elf
Finished building: default.size.stdout
 
16:16:34 **** Incremental Build of configuration Debug for project 001Tasks ****
make -j16 all 
arm-none-eabi-size  001Tasks.elf 
   text	   data	    bss	    dec	    hex	filename
  29984	    128	  84960	 115072	  1c180	001Tasks.elf
Finished building: default.size.stdout
 
16:16:35 **** Incremental Build of configuration Debug for project 008QueuesAndTimers ****
make -j16 all 
arm-none-eabi-gcc "../Core/Src/main.c" -mcpu=cortex-m4 -std=gnu11 -g3 -DDEBUG -DUSE_HAL_DRIVER -DSTM32F411xE -c -I../Core/Inc -I"E:/coursera/workspace/RTOSWorkspace/008QueuesAndTimers/ThirdParty/SEGGER/Config" -I"E:/coursera/workspace/RTOSWorkspace/008QueuesAndTimers/ThirdParty/SEGGER/SEGGER" -I"E:/coursera/workspace/RTOSWorkspace/008QueuesAndTimers/ThirdParty/SEGGER/OS" -I"E:/coursera/workspace/RTOSWorkspace/008QueuesAndTimers/ThirdParty/FreeRTOS" -I"E:/coursera/workspace/RTOSWorkspace/008QueuesAndTimers/ThirdParty/FreeRTOS/include" -I"E:/coursera/workspace/RTOSWorkspace/008QueuesAndTimers/ThirdParty/FreeRTOS/portable/GCC/ARM_CM4F" -I../Drivers/STM32F4xx_HAL_Driver/Inc -I../Drivers/STM32F4xx_HAL_Driver/Inc/Legacy -I../Drivers/CMSIS/Device/ST/STM32F4xx/Include -I../Drivers/CMSIS/Include -O0 -ffunction-sections -fdata-sections -Wall -fstack-usage -fcyclomatic-complexity -MMD -MP -MF"Core/Src/main.d" -MT"Core/Src/main.o" --specs=nano.specs -mfpu=fpv4-sp-d16 -mfloat-abi=hard -mthumb -o "Core/Src/main.o"
../Core/Src/main.c: In function 'main':
../Core/Src/main.c:140:32: warning: passing argument 2 of 'HAL_UART_Receive_IT' discards 'volatile' qualifier from pointer target type [-Wdiscarded-qualifiers]
  140 |   HAL_UART_Receive_IT(&huart2, &user_data,1);
      |                                ^~~~~~~~~~
In file included from ../Core/Inc/stm32f4xx_hal_conf.h:411,
                 from ../Drivers/STM32F4xx_HAL_Driver/Inc/stm32f4xx_hal.h:29,
                 from ../Core/Inc/main.h:30,
                 from ../Core/Src/main.c:20:
../Drivers/STM32F4xx_HAL_Driver/Inc/stm32f4xx_hal_uart.h:748:75: note: expected 'uint8_t *' {aka 'unsigned char *'} but argument is of type 'volatile uint8_t *' {aka 'volatile unsigned char *'}
  748 | HAL_StatusTypeDef HAL_UART_Receive_IT(UART_HandleTypeDef *huart, uint8_t *pData, uint16_t Size);
      |                                                                  ~~~~~~~~~^~~~~
../Core/Src/main.c: In function 'HAL_UART_RxCpltCallback':
../Core/Src/main.c:331:38: warning: passing argument 2 of 'HAL_UART_Receive_IT' discards 'volatile' qualifier from pointer target type [-Wdiscarded-qualifiers]
  331 |         HAL_UART_Receive_IT(&huart2, &user_data,1);
      |                                      ^~~~~~~~~~
In file included from ../Core/Inc/stm32f4xx_hal_conf.h:411,
                 from ../Drivers/STM32F4xx_HAL_Driver/Inc/stm32f4xx_hal.h:29,
                 from ../Core/Inc/main.h:30,
                 from ../Core/Src/main.c:20:
../Drivers/STM32F4xx_HAL_Driver/Inc/stm32f4xx_hal_uart.h:748:75: note: expected 'uint8_t *' {aka 'unsigned char *'} but argument is of type 'volatile uint8_t *' {aka 'volatile unsigned char *'}
  748 | HAL_StatusTypeDef HAL_UART_Receive_IT(UART_HandleTypeDef *huart, uint8_t *pData, uint16_t Size);
      |                                                                  ~~~~~~~~~^~~~~
arm-none-eabi-gcc -o "008QueuesAndTimers.elf" @"objects.list"   -mcpu=cortex-m4 -T"E:\coursera\workspace\RTOSWorkspace\008QueuesAndTimers\STM32F411RETX_FLASH.ld" --specs=nosys.specs -Wl,-Map="008QueuesAndTimers.map" -Wl,--gc-sections -static --specs=nano.specs -mfpu=fpv4-sp-d16 -mfloat-abi=hard -mthumb -Wl,--start-group -lc -lm -Wl,--end-group
Finished building target: 008QueuesAndTimers.elf
 
arm-none-eabi-size  008QueuesAndTimers.elf 
arm-none-eabi-objdump -h -S 008QueuesAndTimers.elf  > "008QueuesAndTimers.list"
   text	   data	    bss	    dec	    hex	filename
  32896	    124	  79428	 112448	  1b740	008QueuesAndTimers.elf
Finished building: default.size.stdout
 
Finished building: 008QueuesAndTimers.list
 
16:16:45 **** Incremental Build of configuration Debug for project 008QueuesAndTimers ****
make -j16 all 
arm-none-eabi-size  008QueuesAndTimers.elf 
   text	   data	    bss	    dec	    hex	filename
  32896	    124	  79428	 112448	  1b740	008QueuesAndTimers.elf
Finished building: default.size.stdout
 
16:21:40 **** Incremental Build of configuration Debug for project 008QueuesAndTimers ****
make -j16 all 
arm-none-eabi-size  008QueuesAndTimers.elf 
   text	   data	    bss	    dec	    hex	filename
  32896	    124	  79428	 112448	  1b740	008QueuesAndTimers.elf
Finished building: default.size.stdout
 
16:22:37 **** Incremental Build of configuration Debug for project 001Tasks ****
make -j16 all 
arm-none-eabi-size  001Tasks.elf 
   text	   data	    bss	    dec	    hex	filename
  29984	    128	  84960	 115072	  1c180	001Tasks.elf
Finished building: default.size.stdout
 
16:22:38 **** Incremental Build of configuration Debug for project 008QueuesAndTimers ****
make -j16 all 
arm-none-eabi-size  008QueuesAndTimers.elf 
   text	   data	    bss	    dec	    hex	filename
  32896	    124	  79428	 112448	  1b740	008QueuesAndTimers.elf
Finished building: default.size.stdout
 
16:22:43 **** Incremental Build of configuration Debug for project 008QueuesAndTimers ****
make -j16 all 
arm-none-eabi-size  008QueuesAndTimers.elf 
   text	   data	    bss	    dec	    hex	filename
  32896	    124	  79428	 112448	  1b740	008QueuesAndTimers.elf
Finished building: default.size.stdout
 
16:35:10 **** Incremental Build of configuration Debug for project 008QueuesAndTimers ****
make -j16 all 
arm-none-eabi-size  008QueuesAndTimers.elf 
   text	   data	    bss	    dec	    hex	filename
  32896	    124	  79428	 112448	  1b740	008QueuesAndTimers.elf
Finished building: default.size.stdout
 
16:36:20 **** Incremental Build of configuration Debug for project 008QueuesAndTimers ****
make -j16 all 
arm-none-eabi-size  008QueuesAndTimers.elf 
   text	   data	    bss	    dec	    hex	filename
  32896	    124	  79428	 112448	  1b740	008QueuesAndTimers.elf
Finished building: default.size.stdout
 
16:38:31 **** Incremental Build of configuration Debug for project 008QueuesAndTimers ****
make -j16 all 
arm-none-eabi-size  008QueuesAndTimers.elf 
   text	   data	    bss	    dec	    hex	filename
  32896	    124	  79428	 112448	  1b740	008QueuesAndTimers.elf
Finished building: default.size.stdout
 
16:38:38 **** Incremental Build of configuration Debug for project 008QueuesAndTimers ****
make -j16 all 
arm-none-eabi-size  008QueuesAndTimers.elf 
   text	   data	    bss	    dec	    hex	filename
  32896	    124	  79428	 112448	  1b740	008QueuesAndTimers.elf
Finished building: default.size.stdout
 
16:52:43 **** Incremental Build of configuration Debug for project 001Tasks ****
make -j16 all 
arm-none-eabi-size  001Tasks.elf 
   text	   data	    bss	    dec	    hex	filename
  29984	    128	  84960	 115072	  1c180	001Tasks.elf
Finished building: default.size.stdout
 
16:52:44 **** Incremental Build of configuration Debug for project 008QueuesAndTimers ****
make -j16 all 
arm-none-eabi-gcc "../Core/Src/main.c" -mcpu=cortex-m4 -std=gnu11 -g3 -DDEBUG -DUSE_HAL_DRIVER -DSTM32F411xE -c -I../Core/Inc -I"E:/coursera/workspace/RTOSWorkspace/008QueuesAndTimers/ThirdParty/SEGGER/Config" -I"E:/coursera/workspace/RTOSWorkspace/008QueuesAndTimers/ThirdParty/SEGGER/SEGGER" -I"E:/coursera/workspace/RTOSWorkspace/008QueuesAndTimers/ThirdParty/SEGGER/OS" -I"E:/coursera/workspace/RTOSWorkspace/008QueuesAndTimers/ThirdParty/FreeRTOS" -I"E:/coursera/workspace/RTOSWorkspace/008QueuesAndTimers/ThirdParty/FreeRTOS/include" -I"E:/coursera/workspace/RTOSWorkspace/008QueuesAndTimers/ThirdParty/FreeRTOS/portable/GCC/ARM_CM4F" -I../Drivers/STM32F4xx_HAL_Driver/Inc -I../Drivers/STM32F4xx_HAL_Driver/Inc/Legacy -I../Drivers/CMSIS/Device/ST/STM32F4xx/Include -I../Drivers/CMSIS/Include -O0 -ffunction-sections -fdata-sections -Wall -fstack-usage -fcyclomatic-complexity -MMD -MP -MF"Core/Src/main.d" -MT"Core/Src/main.o" --specs=nano.specs -mfpu=fpv4-sp-d16 -mfloat-abi=hard -mthumb -o "Core/Src/main.o"
../Core/Src/main.c: In function 'main':
../Core/Src/main.c:142:32: warning: passing argument 2 of 'HAL_UART_Receive_IT' discards 'volatile' qualifier from pointer target type [-Wdiscarded-qualifiers]
  142 |   HAL_UART_Receive_IT(&huart2, &user_data,1);
      |                                ^~~~~~~~~~
In file included from ../Core/Inc/stm32f4xx_hal_conf.h:411,
                 from ../Drivers/STM32F4xx_HAL_Driver/Inc/stm32f4xx_hal.h:29,
                 from ../Core/Inc/main.h:30,
                 from ../Core/Src/main.c:20:
../Drivers/STM32F4xx_HAL_Driver/Inc/stm32f4xx_hal_uart.h:748:75: note: expected 'uint8_t *' {aka 'unsigned char *'} but argument is of type 'volatile uint8_t *' {aka 'volatile unsigned char *'}
  748 | HAL_StatusTypeDef HAL_UART_Receive_IT(UART_HandleTypeDef *huart, uint8_t *pData, uint16_t Size);
      |                                                                  ~~~~~~~~~^~~~~
../Core/Src/main.c: In function 'HAL_UART_RxCpltCallback':
../Core/Src/main.c:333:38: warning: passing argument 2 of 'HAL_UART_Receive_IT' discards 'volatile' qualifier from pointer target type [-Wdiscarded-qualifiers]
  333 |         HAL_UART_Receive_IT(&huart2, &user_data,1);
      |                                      ^~~~~~~~~~
In file included from ../Core/Inc/stm32f4xx_hal_conf.h:411,
                 from ../Drivers/STM32F4xx_HAL_Driver/Inc/stm32f4xx_hal.h:29,
                 from ../Core/Inc/main.h:30,
                 from ../Core/Src/main.c:20:
../Drivers/STM32F4xx_HAL_Driver/Inc/stm32f4xx_hal_uart.h:748:75: note: expected 'uint8_t *' {aka 'unsigned char *'} but argument is of type 'volatile uint8_t *' {aka 'volatile unsigned char *'}
  748 | HAL_StatusTypeDef HAL_UART_Receive_IT(UART_HandleTypeDef *huart, uint8_t *pData, uint16_t Size);
      |                                                                  ~~~~~~~~~^~~~~
arm-none-eabi-gcc -o "008QueuesAndTimers.elf" @"objects.list"   -mcpu=cortex-m4 -T"E:\coursera\workspace\RTOSWorkspace\008QueuesAndTimers\STM32F411RETX_FLASH.ld" --specs=nosys.specs -Wl,-Map="008QueuesAndTimers.map" -Wl,--gc-sections -static --specs=nano.specs -mfpu=fpv4-sp-d16 -mfloat-abi=hard -mthumb -Wl,--start-group -lc -lm -Wl,--end-group
Finished building target: 008QueuesAndTimers.elf
 
arm-none-eabi-size  008QueuesAndTimers.elf 
arm-none-eabi-objdump -h -S 008QueuesAndTimers.elf  > "008QueuesAndTimers.list"
   text	   data	    bss	    dec	    hex	filename
  35596	    136	  79432	 115164	  1c1dc	008QueuesAndTimers.elf
Finished building: default.size.stdout
 
Finished building: 008QueuesAndTimers.list
 
16:52:54 **** Incremental Build of configuration Debug for project 008QueuesAndTimers ****
make -j16 all 
arm-none-eabi-size  008QueuesAndTimers.elf 
   text	   data	    bss	    dec	    hex	filename
  35596	    136	  79432	 115164	  1c1dc	008QueuesAndTimers.elf
Finished building: default.size.stdout
 
16:55:40 **** Incremental Build of configuration Debug for project 008QueuesAndTimers ****
make -j16 all 
arm-none-eabi-size  008QueuesAndTimers.elf 
   text	   data	    bss	    dec	    hex	filename
  35596	    136	  79432	 115164	  1c1dc	008QueuesAndTimers.elf
Finished building: default.size.stdout
 
16:56:22 **** Incremental Build of configuration Debug for project 008QueuesAndTimers ****
make -j16 all 
arm-none-eabi-size  008QueuesAndTimers.elf 
   text	   data	    bss	    dec	    hex	filename
  35596	    136	  79432	 115164	  1c1dc	008QueuesAndTimers.elf
Finished building: default.size.stdout
 
16:56:28 **** Incremental Build of configuration Debug for project 008QueuesAndTimers ****
make -j16 all 
arm-none-eabi-size  008QueuesAndTimers.elf 
   text	   data	    bss	    dec	    hex	filename
  35596	    136	  79432	 115164	  1c1dc	008QueuesAndTimers.elf
Finished building: default.size.stdout
 
17:00:02 **** Incremental Build of configuration Debug for project 001Tasks ****
make -j16 all 
arm-none-eabi-size  001Tasks.elf 
   text	   data	    bss	    dec	    hex	filename
  29984	    128	  84960	 115072	  1c180	001Tasks.elf
Finished building: default.size.stdout
 
17:00:02 **** Incremental Build of configuration Debug for project 008QueuesAndTimers ****
make -j16 all 
arm-none-eabi-gcc "../Core/Src/syscalls.c" -mcpu=cortex-m4 -std=gnu11 -g3 -DDEBUG -DUSE_HAL_DRIVER -DSTM32F411xE -c -I../Core/Inc -I"E:/coursera/workspace/RTOSWorkspace/008QueuesAndTimers/ThirdParty/SEGGER/Config" -I"E:/coursera/workspace/RTOSWorkspace/008QueuesAndTimers/ThirdParty/SEGGER/SEGGER" -I"E:/coursera/workspace/RTOSWorkspace/008QueuesAndTimers/ThirdParty/SEGGER/OS" -I"E:/coursera/workspace/RTOSWorkspace/008QueuesAndTimers/ThirdParty/FreeRTOS" -I"E:/coursera/workspace/RTOSWorkspace/008QueuesAndTimers/ThirdParty/FreeRTOS/include" -I"E:/coursera/workspace/RTOSWorkspace/008QueuesAndTimers/ThirdParty/FreeRTOS/portable/GCC/ARM_CM4F" -I../Drivers/STM32F4xx_HAL_Driver/Inc -I../Drivers/STM32F4xx_HAL_Driver/Inc/Legacy -I../Drivers/CMSIS/Device/ST/STM32F4xx/Include -I../Drivers/CMSIS/Include -O0 -ffunction-sections -fdata-sections -Wall -fstack-usage -fcyclomatic-complexity -MMD -MP -MF"Core/Src/syscalls.d" -MT"Core/Src/syscalls.o" --specs=nano.specs -mfpu=fpv4-sp-d16 -mfloat-abi=hard -mthumb -o "Core/Src/syscalls.o"
../Core/Src/syscalls.c: In function 'ITM_SendChar':
../Core/Src/syscalls.c:38:9: error: 'DEMCR' undeclared (first use in this function)
   38 |         DEMCR |= ( 1 << 24);
      |         ^~~~~
../Core/Src/syscalls.c:38:9: note: each undeclared identifier is reported only once for each function it appears in
../Core/Src/syscalls.c:41:9: error: 'ITM_TRACE_EN' undeclared (first use in this function)
   41 |         ITM_TRACE_EN |= ( 1 << 0);
      |         ^~~~~~~~~~~~
../Core/Src/syscalls.c:44:17: error: 'ITM_STIMULUS_PORT0' undeclared (first use in this function)
   44 |         while(!(ITM_STIMULUS_PORT0 & 1));
      |                 ^~~~~~~~~~~~~~~~~~
make: *** [Core/Src/subdir.mk:46: Core/Src/syscalls.o] Error 1
"make -j16 all" terminated with exit code 2. Build might be incomplete.
17:00:33 **** Incremental Build of configuration Debug for project 001Tasks ****
make -j16 all 
arm-none-eabi-size  001Tasks.elf 
   text	   data	    bss	    dec	    hex	filename
  29984	    128	  84960	 115072	  1c180	001Tasks.elf
Finished building: default.size.stdout
 
17:00:33 **** Incremental Build of configuration Debug for project 008QueuesAndTimers ****
make -j16 all 
arm-none-eabi-gcc "../Core/Src/syscalls.c" -mcpu=cortex-m4 -std=gnu11 -g3 -DDEBUG -DUSE_HAL_DRIVER -DSTM32F411xE -c -I../Core/Inc -I"E:/coursera/workspace/RTOSWorkspace/008QueuesAndTimers/ThirdParty/SEGGER/Config" -I"E:/coursera/workspace/RTOSWorkspace/008QueuesAndTimers/ThirdParty/SEGGER/SEGGER" -I"E:/coursera/workspace/RTOSWorkspace/008QueuesAndTimers/ThirdParty/SEGGER/OS" -I"E:/coursera/workspace/RTOSWorkspace/008QueuesAndTimers/ThirdParty/FreeRTOS" -I"E:/coursera/workspace/RTOSWorkspace/008QueuesAndTimers/ThirdParty/FreeRTOS/include" -I"E:/coursera/workspace/RTOSWorkspace/008QueuesAndTimers/ThirdParty/FreeRTOS/portable/GCC/ARM_CM4F" -I../Drivers/STM32F4xx_HAL_Driver/Inc -I../Drivers/STM32F4xx_HAL_Driver/Inc/Legacy -I../Drivers/CMSIS/Device/ST/STM32F4xx/Include -I../Drivers/CMSIS/Include -O0 -ffunction-sections -fdata-sections -Wall -fstack-usage -fcyclomatic-complexity -MMD -MP -MF"Core/Src/syscalls.d" -MT"Core/Src/syscalls.o" --specs=nano.specs -mfpu=fpv4-sp-d16 -mfloat-abi=hard -mthumb -o "Core/Src/syscalls.o"
arm-none-eabi-gcc -o "008QueuesAndTimers.elf" @"objects.list"   -mcpu=cortex-m4 -T"E:\coursera\workspace\RTOSWorkspace\008QueuesAndTimers\STM32F411RETX_FLASH.ld" --specs=nosys.specs -Wl,-Map="008QueuesAndTimers.map" -Wl,--gc-sections -static --specs=nano.specs -mfpu=fpv4-sp-d16 -mfloat-abi=hard -mthumb -Wl,--start-group -lc -lm -Wl,--end-group
Finished building target: 008QueuesAndTimers.elf
 
arm-none-eabi-size  008QueuesAndTimers.elf 
arm-none-eabi-objdump -h -S 008QueuesAndTimers.elf  > "008QueuesAndTimers.list"
   text	   data	    bss	    dec	    hex	filename
  35676	    136	  79432	 115244	  1c22c	008QueuesAndTimers.elf
Finished building: default.size.stdout
 
Finished building: 008QueuesAndTimers.list
 
17:00:40 **** Incremental Build of configuration Debug for project 008QueuesAndTimers ****
make -j16 all 
arm-none-eabi-size  008QueuesAndTimers.elf 
   text	   data	    bss	    dec	    hex	filename
  35676	    136	  79432	 115244	  1c22c	008QueuesAndTimers.elf
Finished building: default.size.stdout
 
